[2026-05-10T13:41:25+10:00] watch start VaultForgeRoot=F:\vaultforge XP4LifeRoot=F:\XP4Life IntervalSeconds=20 Once=True
[2026-05-10T13:41:25+10:00] scan complete; no quest checkbox changes
[2026-05-10T13:42:08+10:00] watch start VaultForgeRoot=F:\vaultforge XP4LifeRoot=F:\XP4Life IntervalSeconds=20 Once=True
[2026-05-10T13:42:08+10:00] updated resume quest; updated icons quest
[2026-05-10T13:42:30+10:00] watch start VaultForgeRoot=F:\vaultforge XP4LifeRoot=F:\XP4Life IntervalSeconds=20 Once=True
[2026-05-10T13:42:30+10:00] updated resume quest; updated icons quest
[2026-05-10T13:42:41+10:00] watch start VaultForgeRoot=F:\vaultforge XP4LifeRoot=F:\XP4Life IntervalSeconds=20 Once=False
[2026-05-10T13:42:41+10:00] scan complete; no quest checkbox changes
[2026-05-10T13:43:01+10:00] scan complete; no quest checkbox changes
[2026-05-10T13:43:48+10:00] watch start VaultForgeRoot=F:\vaultforge XP4LifeRoot=F:\XP4Life IntervalSeconds=20 Once=True
[2026-05-10T13:43:48+10:00] updated resume quest; updated icons quest
[2026-05-10T13:43:58+10:00] watch start VaultForgeRoot=F:\vaultforge XP4LifeRoot=F:\XP4Life IntervalSeconds=20 Once=False
[2026-05-10T13:43:59+10:00] scan complete; no quest checkbox changes
[2026-05-10T13:44:19+10:00] scan complete; no quest checkbox changes
[2026-05-10T13:44:39+10:00] scan complete; no quest checkbox changes
[2026-05-10T13:44:59+10:00] scan complete; no quest checkbox changes
[2026-05-10T13:45:19+10:00] scan complete; no quest checkbox changes
[2026-05-10T13:45:39+10:00] scan complete; no quest checkbox changes
[2026-05-10T13:45:59+10:00] scan complete; no quest checkbox changes
[2026-05-10T13:46:19+10:00] scan complete; no quest checkbox changes
[2026-05-10T13:46:39+10:00] scan complete; no quest checkbox changes
[2026-05-10T13:46:59+10:00] scan complete; no quest checkbox changes
[2026-05-10T13:47:19+10:00] scan complete; no quest checkbox changes
[2026-05-10T13:47:39+10:00] scan complete; no quest checkbox changes
[2026-05-10T13:47:59+10:00] scan complete; no quest checkbox changes
[2026-05-10T13:48:19+10:00] scan complete; no quest checkbox changes
[2026-05-10T13:48:39+10:00] scan complete; no quest checkbox changes
[2026-05-10T13:49:00+10:00] scan complete; no quest checkbox changes
[2026-05-10T13:49:20+10:00] scan complete; no quest checkbox changes
[2026-05-10T13:49:40+10:00] scan complete; no quest checkbox changes
[2026-05-10T13:50:00+10:00] scan complete; no quest checkbox changes
[2026-05-10T13:50:20+10:00] scan complete; no quest checkbox changes
[2026-05-10T13:50:40+10:00] scan complete; no quest checkbox changes
[2026-05-10T13:51:00+10:00] scan complete; no quest checkbox changes
[2026-05-10T13:51:20+10:00] scan complete; no quest checkbox changes
[2026-05-10T13:51:40+10:00] scan complete; no quest checkbox changes
[2026-05-10T13:52:00+10:00] scan complete; no quest checkbox changes
[2026-05-10T13:52:22+10:00] scan complete; no quest checkbox changes
[2026-05-10T13:52:42+10:00] scan complete; no quest checkbox changes
[2026-05-10T13:53:02+10:00] scan complete; no quest checkbox changes
[2026-05-10T13:53:22+10:00] scan complete; no quest checkbox changes
[2026-05-10T13:53:42+10:00] scan complete; no quest checkbox changes
[2026-05-10T13:54:02+10:00] scan complete; no quest checkbox changes
[2026-05-10T13:54:22+10:00] scan complete; no quest checkbox changes
[2026-05-10T13:54:42+10:00] scan complete; no quest checkbox changes
[2026-05-10T13:55:02+10:00] scan complete; no quest checkbox changes
[2026-05-10T13:55:23+10:00] scan complete; no quest checkbox changes
[2026-05-10T13:55:43+10:00] scan complete; no quest checkbox changes
[2026-05-10T13:56:03+10:00] scan complete; no quest checkbox changes
[2026-05-10T13:56:23+10:00] scan complete; no quest checkbox changes
[2026-05-10T13:56:43+10:00] scan complete; no quest checkbox changes
[2026-05-10T13:57:03+10:00] scan complete; no quest checkbox changes
[2026-05-10T13:57:23+10:00] scan complete; no quest checkbox changes
[2026-05-10T13:57:43+10:00] scan complete; no quest checkbox changes
[2026-05-10T13:58:03+10:00] scan complete; no quest checkbox changes
[2026-05-10T13:58:23+10:00] scan complete; no quest checkbox changes
[2026-05-10T13:58:43+10:00] scan complete; no quest checkbox changes
[2026-05-10T13:59:03+10:00] scan complete; no quest checkbox changes
[2026-05-10T13:59:23+10:00] scan complete; no quest checkbox changes
[2026-05-10T13:59:44+10:00] scan complete; no quest checkbox changes
[2026-05-10T14:00:04+10:00] scan complete; no quest checkbox changes
[2026-05-10T14:00:24+10:00] scan complete; no quest checkbox changes
[2026-05-10T14:00:44+10:00] scan complete; no quest checkbox changes
[2026-05-10T14:01:04+10:00] scan complete; no quest checkbox changes
[2026-05-10T14:03:21+10:00] watch start VaultForgeRoot=F:\vaultforge XP4LifeRoot=F:\XP4Life IntervalSeconds=20 Once=False
[2026-05-10T14:03:22+10:00] scan complete; no quest checkbox changes
[2026-05-10T14:03:42+10:00] scan complete; no quest checkbox changes
[2026-05-10T14:04:02+10:00] scan complete; no quest checkbox changes
[2026-05-10T14:04:22+10:00] scan complete; no quest checkbox changes
[2026-05-10T14:04:42+10:00] scan complete; no quest checkbox changes
[2026-05-10T14:05:02+10:00] scan complete; no quest checkbox changes
[2026-05-10T14:05:22+10:00] scan complete; no quest checkbox changes
[2026-05-10T14:05:42+10:00] scan complete; no quest checkbox changes
[2026-05-10T14:06:02+10:00] scan complete; no quest checkbox changes
[2026-05-10T14:06:22+10:00] scan complete; no quest checkbox changes
[2026-05-10T14:06:42+10:00] scan complete; no quest checkbox changes
[2026-05-10T14:07:02+10:00] scan complete; no quest checkbox changes
[2026-05-10T14:07:22+10:00] scan complete; no quest checkbox changes
[2026-05-10T14:07:42+10:00] scan complete; no quest checkbox changes
[2026-05-10T14:08:02+10:00] scan complete; no quest checkbox changes
[2026-05-10T14:08:22+10:00] scan complete; no quest checkbox changes
[2026-05-10T14:08:43+10:00] scan complete; no quest checkbox changes
[2026-05-10T14:09:03+10:00] scan complete; no quest checkbox changes
[2026-05-10T14:09:23+10:00] scan complete; no quest checkbox changes
[2026-05-10T14:09:43+10:00] scan complete; no quest checkbox changes
[2026-05-10T14:10:03+10:00] scan complete; no quest checkbox changes
[2026-05-10T14:10:23+10:00] scan complete; no quest checkbox changes
[2026-05-10T14:10:43+10:00] scan complete; no quest checkbox changes
[2026-05-10T14:11:03+10:00] scan complete; no quest checkbox changes
[2026-05-10T14:11:23+10:00] scan complete; no quest checkbox changes
[2026-05-10T14:11:43+10:00] scan complete; no quest checkbox changes
[2026-05-10T14:12:03+10:00] scan complete; no quest checkbox changes
[2026-05-10T14:12:23+10:00] scan complete; no quest checkbox changes
[2026-05-10T14:12:43+10:00] scan complete; no quest checkbox changes
[2026-05-10T14:13:03+10:00] scan complete; no quest checkbox changes
[2026-05-10T14:13:23+10:00] scan complete; no quest checkbox changes
[2026-05-10T14:13:43+10:00] scan complete; no quest checkbox changes
[2026-05-10T14:14:03+10:00] scan complete; no quest checkbox changes
[2026-05-10T14:14:23+10:00] scan complete; no quest checkbox changes
[2026-05-10T14:14:44+10:00] scan complete; no quest checkbox changes
[2026-05-10T14:15:04+10:00] scan complete; no quest checkbox changes
[2026-05-10T14:15:24+10:00] scan complete; no quest checkbox changes
[2026-05-10T14:15:44+10:00] scan complete; no quest checkbox changes
[2026-05-10T14:16:04+10:00] scan complete; no quest checkbox changes
[2026-05-10T14:16:24+10:00] scan complete; no quest checkbox changes
[2026-05-10T14:16:44+10:00] scan complete; no quest checkbox changes
[2026-05-10T14:17:04+10:00] scan complete; no quest checkbox changes
[2026-05-10T14:17:24+10:00] scan complete; no quest checkbox changes
[2026-05-10T14:17:44+10:00] scan complete; no quest checkbox changes
[2026-05-10T14:18:04+10:00] scan complete; no quest checkbox changes
[2026-05-10T14:18:24+10:00] scan complete; no quest checkbox changes
[2026-05-10T14:18:44+10:00] scan complete; no quest checkbox changes
[2026-05-10T14:19:04+10:00] scan complete; no quest checkbox changes
[2026-05-10T14:19:24+10:00] scan complete; no quest checkbox changes
[2026-05-10T14:19:44+10:00] scan complete; no quest checkbox changes
[2026-05-10T14:20:04+10:00] scan complete; no quest checkbox changes
[2026-05-10T14:20:24+10:00] scan complete; no quest checkbox changes
[2026-05-10T14:20:44+10:00] scan complete; no quest checkbox changes
[2026-05-10T14:21:05+10:00] scan complete; no quest checkbox changes
[2026-05-10T14:21:25+10:00] scan complete; no quest checkbox changes
[2026-05-10T14:21:45+10:00] scan complete; no quest checkbox changes
[2026-05-10T14:22:05+10:00] scan complete; no quest checkbox changes
[2026-05-10T14:22:25+10:00] scan complete; no quest checkbox changes
[2026-05-10T14:22:45+10:00] scan complete; no quest checkbox changes
[2026-05-10T14:23:05+10:00] scan complete; no quest checkbox changes
[2026-05-10T14:23:25+10:00] scan complete; no quest checkbox changes
[2026-05-10T14:23:45+10:00] scan complete; no quest checkbox changes
[2026-05-10T14:24:05+10:00] scan complete; no quest checkbox changes
[2026-05-10T14:24:25+10:00] scan complete; no quest checkbox changes
[2026-05-10T14:24:45+10:00] scan complete; no quest checkbox changes
[2026-05-10T14:25:05+10:00] scan complete; no quest checkbox changes
[2026-05-10T14:25:25+10:00] scan complete; no quest checkbox changes
[2026-05-10T14:25:45+10:00] scan complete; no quest checkbox changes
[2026-05-10T14:26:05+10:00] scan complete; no quest checkbox changes
[2026-05-10T14:26:25+10:00] scan complete; no quest checkbox changes
[2026-05-10T14:26:45+10:00] scan complete; no quest checkbox changes
[2026-05-10T14:27:06+10:00] scan complete; no quest checkbox changes
[2026-05-10T14:27:26+10:00] scan complete; no quest checkbox changes
[2026-05-10T14:27:46+10:00] scan complete; no quest checkbox changes
[2026-05-10T14:28:06+10:00] scan complete; no quest checkbox changes
[2026-05-10T14:28:26+10:00] scan complete; no quest checkbox changes
[2026-05-10T14:28:48+10:00] scan complete; no quest checkbox changes
[2026-05-10T14:29:08+10:00] scan complete; no quest checkbox changes
[2026-05-10T14:29:28+10:00] scan complete; no quest checkbox changes
[2026-05-10T14:29:48+10:00] scan complete; no quest checkbox changes
[2026-05-10T14:30:08+10:00] scan complete; no quest checkbox changes
[2026-05-10T14:30:28+10:00] scan complete; no quest checkbox changes
[2026-05-10T14:30:48+10:00] scan complete; no quest checkbox changes
[2026-05-10T14:31:08+10:00] scan complete; no quest checkbox changes
[2026-05-10T14:31:28+10:00] scan complete; no quest checkbox changes
[2026-05-10T14:31:48+10:00] scan complete; no quest checkbox changes
[2026-05-10T14:32:08+10:00] scan complete; no quest checkbox changes
[2026-05-10T14:32:29+10:00] scan complete; no quest checkbox changes
[2026-05-10T14:32:49+10:00] scan complete; no quest checkbox changes
[2026-05-10T14:33:09+10:00] scan complete; no quest checkbox changes
[2026-05-10T14:33:29+10:00] scan complete; no quest checkbox changes
[2026-05-10T14:33:49+10:00] scan complete; no quest checkbox changes
[2026-05-10T14:34:09+10:00] scan complete; no quest checkbox changes
[2026-05-10T14:34:29+10:00] scan complete; no quest checkbox changes
[2026-05-10T14:34:49+10:00] scan complete; no quest checkbox changes
[2026-05-10T14:35:09+10:00] scan complete; no quest checkbox changes
[2026-05-10T14:35:29+10:00] scan complete; no quest checkbox changes
[2026-05-10T14:35:49+10:00] scan complete; no quest checkbox changes
[2026-05-10T14:36:10+10:00] scan complete; no quest checkbox changes
[2026-05-10T14:36:30+10:00] scan complete; no quest checkbox changes
[2026-05-10T14:36:50+10:00] scan complete; no quest checkbox changes
[2026-05-10T14:37:10+10:00] scan complete; no quest checkbox changes
[2026-05-10T14:37:30+10:00] scan complete; no quest checkbox changes
[2026-05-10T14:37:50+10:00] scan complete; no quest checkbox changes
[2026-05-10T14:38:10+10:00] scan complete; no quest checkbox changes
[2026-05-10T14:38:30+10:00] scan complete; no quest checkbox changes
[2026-05-10T14:38:50+10:00] scan complete; no quest checkbox changes
[2026-05-10T14:39:10+10:00] scan complete; no quest checkbox changes
[2026-05-10T14:39:30+10:00] scan complete; no quest checkbox changes
[2026-05-10T14:39:50+10:00] scan complete; no quest checkbox changes
[2026-05-10T14:40:10+10:00] scan complete; no quest checkbox changes
[2026-05-10T14:40:30+10:00] scan complete; no quest checkbox changes
[2026-05-10T14:40:50+10:00] scan complete; no quest checkbox changes
[2026-05-10T14:41:10+10:00] scan complete; no quest checkbox changes
[2026-05-10T14:41:30+10:00] scan complete; no quest checkbox changes
[2026-05-10T14:41:50+10:00] scan complete; no quest checkbox changes
[2026-05-10T14:42:11+10:00] scan complete; no quest checkbox changes
[2026-05-10T14:42:31+10:00] scan complete; no quest checkbox changes
[2026-05-10T14:42:51+10:00] scan complete; no quest checkbox changes
[2026-05-10T14:43:11+10:00] scan complete; no quest checkbox changes
[2026-05-10T14:43:31+10:00] scan complete; no quest checkbox changes
[2026-05-10T14:43:51+10:00] scan complete; no quest checkbox changes
[2026-05-10T14:44:11+10:00] scan complete; no quest checkbox changes
[2026-05-10T14:44:31+10:00] scan complete; no quest checkbox changes
[2026-05-10T14:44:51+10:00] scan complete; no quest checkbox changes
[2026-05-10T14:45:11+10:00] scan complete; no quest checkbox changes
[2026-05-10T14:45:31+10:00] scan complete; no quest checkbox changes
[2026-05-10T14:45:51+10:00] scan complete; no quest checkbox changes
[2026-05-10T14:46:11+10:00] scan complete; no quest checkbox changes
[2026-05-10T14:46:31+10:00] scan complete; no quest checkbox changes
[2026-05-10T14:46:51+10:00] scan complete; no quest checkbox changes
[2026-05-10T14:47:11+10:00] scan complete; no quest checkbox changes
[2026-05-10T14:47:32+10:00] scan complete; no quest checkbox changes
[2026-05-10T14:47:52+10:00] scan complete; no quest checkbox changes
[2026-05-10T14:48:12+10:00] scan complete; no quest checkbox changes
[2026-05-10T14:48:32+10:00] scan complete; no quest checkbox changes
[2026-05-10T14:48:52+10:00] scan complete; no quest checkbox changes
[2026-05-10T14:49:12+10:00] scan complete; no quest checkbox changes
[2026-05-10T14:49:32+10:00] scan complete; no quest checkbox changes
[2026-05-10T14:49:52+10:00] scan complete; no quest checkbox changes
[2026-05-10T14:50:12+10:00] scan complete; no quest checkbox changes
[2026-05-10T14:50:32+10:00] scan complete; no quest checkbox changes
[2026-05-10T14:50:52+10:00] scan complete; no quest checkbox changes
[2026-05-10T14:51:12+10:00] scan complete; no quest checkbox changes
[2026-05-10T14:51:32+10:00] scan complete; no quest checkbox changes
[2026-05-10T14:51:52+10:00] scan complete; no quest checkbox changes
[2026-05-10T14:52:12+10:00] scan complete; no quest checkbox changes
[2026-05-10T14:52:32+10:00] scan complete; no quest checkbox changes
[2026-05-10T14:52:52+10:00] scan complete; no quest checkbox changes
[2026-05-10T14:53:12+10:00] scan complete; no quest checkbox changes
[2026-05-10T14:53:32+10:00] scan complete; no quest checkbox changes
[2026-05-10T14:53:53+10:00] scan complete; no quest checkbox changes
[2026-05-10T14:54:13+10:00] scan complete; no quest checkbox changes
[2026-05-10T14:54:33+10:00] scan complete; no quest checkbox changes
[2026-05-10T14:54:53+10:00] scan complete; no quest checkbox changes
[2026-05-10T14:55:13+10:00] scan complete; no quest checkbox changes
[2026-05-10T14:55:33+10:00] scan complete; no quest checkbox changes
[2026-05-10T14:55:53+10:00] scan complete; no quest checkbox changes
[2026-05-10T14:56:13+10:00] scan complete; no quest checkbox changes
[2026-05-10T14:56:33+10:00] scan complete; no quest checkbox changes
[2026-05-10T14:56:53+10:00] scan complete; no quest checkbox changes
[2026-05-10T14:57:13+10:00] scan complete; no quest checkbox changes
[2026-05-10T14:57:33+10:00] scan complete; no quest checkbox changes
[2026-05-10T14:57:53+10:00] scan complete; no quest checkbox changes
[2026-05-10T14:58:13+10:00] scan complete; no quest checkbox changes
[2026-05-10T14:58:33+10:00] scan complete; no quest checkbox changes
[2026-05-10T14:58:53+10:00] scan complete; no quest checkbox changes
[2026-05-10T14:59:13+10:00] scan complete; no quest checkbox changes
[2026-05-10T14:59:33+10:00] scan complete; no quest checkbox changes
[2026-05-10T14:59:54+10:00] scan complete; no quest checkbox changes
[2026-05-10T15:00:14+10:00] scan complete; no quest checkbox changes
[2026-05-10T15:00:34+10:00] scan complete; no quest checkbox changes
[2026-05-10T15:00:54+10:00] scan complete; no quest checkbox changes
[2026-05-10T15:01:14+10:00] scan complete; no quest checkbox changes
[2026-05-10T15:01:34+10:00] scan complete; no quest checkbox changes
[2026-05-10T15:01:54+10:00] scan complete; no quest checkbox changes
[2026-05-10T15:02:14+10:00] scan complete; no quest checkbox changes
[2026-05-10T15:02:34+10:00] scan complete; no quest checkbox changes
[2026-05-10T15:02:54+10:00] scan complete; no quest checkbox changes
[2026-05-10T15:03:14+10:00] scan complete; no quest checkbox changes
[2026-05-10T15:03:34+10:00] scan complete; no quest checkbox changes
[2026-05-10T15:03:54+10:00] scan complete; no quest checkbox changes
[2026-05-10T15:04:14+10:00] scan complete; no quest checkbox changes
[2026-05-10T15:04:34+10:00] scan complete; no quest checkbox changes
[2026-05-10T15:04:54+10:00] scan complete; no quest checkbox changes
[2026-05-10T15:05:14+10:00] scan complete; no quest checkbox changes
[2026-05-10T15:05:34+10:00] scan complete; no quest checkbox changes
[2026-05-10T15:05:54+10:00] scan complete; no quest checkbox changes
[2026-05-10T15:06:14+10:00] scan complete; no quest checkbox changes
[2026-05-10T15:06:34+10:00] scan complete; no quest checkbox changes
[2026-05-10T15:06:55+10:00] scan complete; no quest checkbox changes
[2026-05-10T15:07:15+10:00] scan complete; no quest checkbox changes
[2026-05-10T15:07:35+10:00] scan complete; no quest checkbox changes
[2026-05-10T15:07:55+10:00] scan complete; no quest checkbox changes
[2026-05-10T15:08:15+10:00] scan complete; no quest checkbox changes
[2026-05-10T15:08:35+10:00] scan complete; no quest checkbox changes
[2026-05-10T15:08:55+10:00] scan complete; no quest checkbox changes
[2026-05-10T15:09:15+10:00] scan complete; no quest checkbox changes
[2026-05-10T15:09:35+10:00] scan complete; no quest checkbox changes
[2026-05-10T15:09:55+10:00] scan complete; no quest checkbox changes
[2026-05-10T15:10:15+10:00] scan complete; no quest checkbox changes
[2026-05-10T15:10:35+10:00] scan complete; no quest checkbox changes
[2026-05-10T15:10:55+10:00] scan complete; no quest checkbox changes
[2026-05-10T15:11:15+10:00] scan complete; no quest checkbox changes
[2026-05-10T15:11:35+10:00] scan complete; no quest checkbox changes
[2026-05-10T15:11:55+10:00] scan complete; no quest checkbox changes
[2026-05-10T15:12:15+10:00] scan complete; no quest checkbox changes
[2026-05-10T15:12:35+10:00] scan complete; no quest checkbox changes
[2026-05-10T15:12:55+10:00] scan complete; no quest checkbox changes
[2026-05-10T15:13:16+10:00] scan complete; no quest checkbox changes
[2026-05-10T15:13:36+10:00] scan complete; no quest checkbox changes
[2026-05-10T15:13:56+10:00] scan complete; no quest checkbox changes
[2026-05-10T15:14:16+10:00] scan complete; no quest checkbox changes
[2026-05-10T15:14:36+10:00] scan complete; no quest checkbox changes
[2026-05-10T15:14:56+10:00] scan complete; no quest checkbox changes
[2026-05-10T15:15:16+10:00] scan complete; no quest checkbox changes
[2026-05-10T15:15:36+10:00] scan complete; no quest checkbox changes
[2026-05-10T15:15:56+10:00] scan complete; no quest checkbox changes
[2026-05-10T15:16:16+10:00] scan complete; no quest checkbox changes
[2026-05-10T15:16:36+10:00] scan complete; no quest checkbox changes
[2026-05-10T15:16:56+10:00] scan complete; no quest checkbox changes
[2026-05-10T15:17:16+10:00] scan complete; no quest checkbox changes
[2026-05-10T15:17:36+10:00] scan complete; no quest checkbox changes
[2026-05-10T15:17:56+10:00] scan complete; no quest checkbox changes
[2026-05-10T15:18:16+10:00] scan complete; no quest checkbox changes
[2026-05-10T15:18:36+10:00] scan complete; no quest checkbox changes
[2026-05-10T15:18:56+10:00] scan complete; no quest checkbox changes
[2026-05-10T15:19:17+10:00] scan complete; no quest checkbox changes
[2026-05-10T15:19:37+10:00] scan complete; no quest checkbox changes
[2026-05-10T15:19:57+10:00] scan complete; no quest checkbox changes
[2026-05-10T15:20:17+10:00] scan complete; no quest checkbox changes
[2026-05-10T15:20:37+10:00] scan complete; no quest checkbox changes
[2026-05-10T15:20:57+10:00] scan complete; no quest checkbox changes
[2026-05-10T15:21:17+10:00] scan complete; no quest checkbox changes
[2026-05-10T15:21:37+10:00] scan complete; no quest checkbox changes
[2026-05-10T15:21:57+10:00] scan complete; no quest checkbox changes
[2026-05-10T15:22:17+10:00] scan complete; no quest checkbox changes
[2026-05-10T15:22:37+10:00] scan complete; no quest checkbox changes
[2026-05-10T15:22:57+10:00] scan complete; no quest checkbox changes
[2026-05-10T15:23:17+10:00] scan complete; no quest checkbox changes
[2026-05-10T15:23:37+10:00] scan complete; no quest checkbox changes
[2026-05-10T15:23:57+10:00] scan complete; no quest checkbox changes
[2026-05-10T15:24:17+10:00] scan complete; no quest checkbox changes
[2026-05-10T15:24:37+10:00] scan complete; no quest checkbox changes
[2026-05-10T15:24:57+10:00] scan complete; no quest checkbox changes
[2026-05-10T15:25:17+10:00] scan complete; no quest checkbox changes
[2026-05-10T15:25:38+10:00] scan complete; no quest checkbox changes
[2026-05-10T15:25:58+10:00] scan complete; no quest checkbox changes
[2026-05-10T15:26:18+10:00] scan complete; no quest checkbox changes
[2026-05-10T15:26:38+10:00] scan complete; no quest checkbox changes
[2026-05-10T15:26:58+10:00] scan complete; no quest checkbox changes
[2026-05-10T15:27:18+10:00] scan complete; no quest checkbox changes
[2026-05-10T15:27:38+10:00] scan complete; no quest checkbox changes
[2026-05-10T15:27:58+10:00] scan complete; no quest checkbox changes
[2026-05-10T15:28:18+10:00] scan complete; no quest checkbox changes
[2026-05-10T15:28:38+10:00] scan complete; no quest checkbox changes
[2026-05-10T15:28:58+10:00] scan complete; no quest checkbox changes
[2026-05-10T15:29:18+10:00] scan complete; no quest checkbox changes
[2026-05-10T15:29:38+10:00] scan complete; no quest checkbox changes
[2026-05-10T15:29:58+10:00] scan complete; no quest checkbox changes
[2026-05-10T15:30:18+10:00] scan complete; no quest checkbox changes
[2026-05-10T15:30:38+10:00] scan complete; no quest checkbox changes
[2026-05-10T15:30:58+10:00] scan complete; no quest checkbox changes
[2026-05-10T15:31:19+10:00] scan complete; no quest checkbox changes
[2026-05-10T15:31:39+10:00] scan complete; no quest checkbox changes
[2026-05-10T15:31:59+10:00] scan complete; no quest checkbox changes
[2026-05-10T15:32:19+10:00] scan complete; no quest checkbox changes
[2026-05-10T15:32:39+10:00] scan complete; no quest checkbox changes
[2026-05-10T15:32:59+10:00] scan complete; no quest checkbox changes
[2026-05-10T15:33:19+10:00] scan complete; no quest checkbox changes
[2026-05-10T15:33:39+10:00] scan complete; no quest checkbox changes
[2026-05-10T15:33:59+10:00] scan complete; no quest checkbox changes
[2026-05-10T15:34:19+10:00] scan complete; no quest checkbox changes
[2026-05-10T15:34:39+10:00] scan complete; no quest checkbox changes
[2026-05-10T15:34:59+10:00] scan complete; no quest checkbox changes
[2026-05-10T15:35:19+10:00] scan complete; no quest checkbox changes
[2026-05-10T15:35:39+10:00] scan complete; no quest checkbox changes
[2026-05-10T15:35:59+10:00] scan complete; no quest checkbox changes
[2026-05-10T15:36:19+10:00] scan complete; no quest checkbox changes
[2026-05-10T15:36:39+10:00] scan complete; no quest checkbox changes
[2026-05-10T15:36:59+10:00] scan complete; no quest checkbox changes
[2026-05-10T15:37:19+10:00] scan complete; no quest checkbox changes
[2026-05-10T15:37:40+10:00] scan complete; no quest checkbox changes
[2026-05-10T15:38:00+10:00] scan complete; no quest checkbox changes
[2026-05-10T15:38:20+10:00] scan complete; no quest checkbox changes
[2026-05-10T15:38:40+10:00] scan complete; no quest checkbox changes
[2026-05-10T15:39:00+10:00] scan complete; no quest checkbox changes
[2026-05-10T15:39:20+10:00] scan complete; no quest checkbox changes
[2026-05-10T15:39:40+10:00] scan complete; no quest checkbox changes
[2026-05-10T15:40:00+10:00] scan complete; no quest checkbox changes
[2026-05-10T15:40:20+10:00] scan complete; no quest checkbox changes
[2026-05-10T15:40:40+10:00] scan complete; no quest checkbox changes
[2026-05-10T15:41:00+10:00] scan complete; no quest checkbox changes
[2026-05-10T15:41:20+10:00] scan complete; no quest checkbox changes
[2026-05-10T15:41:40+10:00] scan complete; no quest checkbox changes
[2026-05-10T15:42:00+10:00] scan complete; no quest checkbox changes
[2026-05-10T15:42:20+10:00] scan complete; no quest checkbox changes
[2026-05-10T15:42:40+10:00] scan complete; no quest checkbox changes
[2026-05-10T15:43:00+10:00] scan complete; no quest checkbox changes
[2026-05-10T15:43:20+10:00] scan complete; no quest checkbox changes
[2026-05-10T15:43:40+10:00] scan complete; no quest checkbox changes
[2026-05-10T15:44:01+10:00] scan complete; no quest checkbox changes
[2026-05-10T15:44:21+10:00] scan complete; no quest checkbox changes
[2026-05-10T15:44:41+10:00] scan complete; no quest checkbox changes
[2026-05-10T15:45:01+10:00] scan complete; no quest checkbox changes
[2026-05-10T15:45:21+10:00] scan complete; no quest checkbox changes
[2026-05-10T15:45:41+10:00] scan complete; no quest checkbox changes
[2026-05-10T15:46:01+10:00] scan complete; no quest checkbox changes
[2026-05-10T15:46:21+10:00] scan complete; no quest checkbox changes
[2026-05-10T15:46:41+10:00] scan complete; no quest checkbox changes
[2026-05-10T15:47:01+10:00] scan complete; no quest checkbox changes
[2026-05-10T15:47:21+10:00] scan complete; no quest checkbox changes
[2026-05-10T15:47:41+10:00] scan complete; no quest checkbox changes
[2026-05-10T15:48:01+10:00] scan complete; no quest checkbox changes
[2026-05-10T15:48:21+10:00] scan complete; no quest checkbox changes
[2026-05-10T15:48:41+10:00] scan complete; no quest checkbox changes
[2026-05-10T15:49:01+10:00] scan complete; no quest checkbox changes
[2026-05-10T15:49:21+10:00] scan complete; no quest checkbox changes
[2026-05-10T15:49:41+10:00] scan complete; no quest checkbox changes
[2026-05-10T15:50:01+10:00] scan complete; no quest checkbox changes
[2026-05-10T15:50:22+10:00] scan complete; no quest checkbox changes
[2026-05-10T15:50:42+10:00] scan complete; no quest checkbox changes
[2026-05-10T15:51:02+10:00] scan complete; no quest checkbox changes
[2026-05-10T15:51:22+10:00] scan complete; no quest checkbox changes
[2026-05-10T15:51:42+10:00] scan complete; no quest checkbox changes
[2026-05-10T15:52:02+10:00] scan complete; no quest checkbox changes
[2026-05-10T15:52:22+10:00] scan complete; no quest checkbox changes
[2026-05-10T15:52:42+10:00] scan complete; no quest checkbox changes
[2026-05-10T15:53:02+10:00] scan complete; no quest checkbox changes
[2026-05-10T15:53:22+10:00] scan complete; no quest checkbox changes
[2026-05-10T15:53:42+10:00] scan complete; no quest checkbox changes
[2026-05-10T15:54:02+10:00] scan complete; no quest checkbox changes
[2026-05-10T15:54:22+10:00] scan complete; no quest checkbox changes
[2026-05-10T15:54:42+10:00] scan complete; no quest checkbox changes
[2026-05-10T15:55:02+10:00] scan complete; no quest checkbox changes
[2026-05-10T15:55:22+10:00] scan complete; no quest checkbox changes
[2026-05-10T15:55:42+10:00] scan complete; no quest checkbox changes
[2026-05-10T15:56:02+10:00] scan complete; no quest checkbox changes
[2026-05-10T15:56:23+10:00] scan complete; no quest checkbox changes
[2026-05-10T15:56:43+10:00] scan complete; no quest checkbox changes
[2026-05-10T15:57:03+10:00] scan complete; no quest checkbox changes
[2026-05-10T15:57:23+10:00] scan complete; no quest checkbox changes
[2026-05-10T15:57:43+10:00] scan complete; no quest checkbox changes
[2026-05-10T15:58:03+10:00] scan complete; no quest checkbox changes
[2026-05-10T15:58:23+10:00] scan complete; no quest checkbox changes
[2026-05-10T15:58:43+10:00] scan complete; no quest checkbox changes
[2026-05-10T15:59:03+10:00] scan complete; no quest checkbox changes
[2026-05-10T15:59:23+10:00] scan complete; no quest checkbox changes
[2026-05-10T15:59:43+10:00] scan complete; no quest checkbox changes
[2026-05-10T16:00:03+10:00] scan complete; no quest checkbox changes
[2026-05-10T16:00:23+10:00] scan complete; no quest checkbox changes
[2026-05-10T16:00:43+10:00] scan complete; no quest checkbox changes
[2026-05-10T16:01:03+10:00] scan complete; no quest checkbox changes
[2026-05-10T16:01:23+10:00] scan complete; no quest checkbox changes
[2026-05-10T16:01:43+10:00] scan complete; no quest checkbox changes
[2026-05-10T16:02:03+10:00] scan complete; no quest checkbox changes
[2026-05-10T16:02:24+10:00] scan complete; no quest checkbox changes
[2026-05-10T16:02:44+10:00] scan complete; no quest checkbox changes
[2026-05-10T16:03:04+10:00] scan complete; no quest checkbox changes
[2026-05-10T16:03:24+10:00] scan complete; no quest checkbox changes
[2026-05-10T16:03:44+10:00] scan complete; no quest checkbox changes
[2026-05-10T16:04:04+10:00] scan complete; no quest checkbox changes
[2026-05-10T16:04:24+10:00] scan complete; no quest checkbox changes
[2026-05-10T16:04:44+10:00] scan complete; no quest checkbox changes
[2026-05-10T16:05:04+10:00] scan complete; no quest checkbox changes
[2026-05-10T16:05:24+10:00] scan complete; no quest checkbox changes
[2026-05-10T16:05:44+10:00] scan complete; no quest checkbox changes
[2026-05-10T16:06:04+10:00] scan complete; no quest checkbox changes
[2026-05-10T16:06:24+10:00] scan complete; no quest checkbox changes
[2026-05-10T16:06:44+10:00] scan complete; no quest checkbox changes
[2026-05-10T16:07:04+10:00] scan complete; no quest checkbox changes
[2026-05-10T16:07:24+10:00] scan complete; no quest checkbox changes
[2026-05-10T16:07:44+10:00] scan complete; no quest checkbox changes
[2026-05-10T16:08:05+10:00] scan complete; no quest checkbox changes
[2026-05-10T16:08:25+10:00] scan complete; no quest checkbox changes
[2026-05-10T16:08:45+10:00] scan complete; no quest checkbox changes
[2026-05-10T16:09:05+10:00] scan complete; no quest checkbox changes
[2026-05-10T16:09:25+10:00] scan complete; no quest checkbox changes
[2026-05-10T16:09:45+10:00] scan complete; no quest checkbox changes
[2026-05-10T16:10:05+10:00] scan complete; no quest checkbox changes
[2026-05-10T16:10:25+10:00] scan complete; no quest checkbox changes
[2026-05-10T16:10:45+10:00] scan complete; no quest checkbox changes
[2026-05-10T16:11:05+10:00] scan complete; no quest checkbox changes
[2026-05-10T16:11:25+10:00] scan complete; no quest checkbox changes
[2026-05-10T16:11:45+10:00] scan complete; no quest checkbox changes
[2026-05-10T16:12:05+10:00] scan complete; no quest checkbox changes
[2026-05-10T16:12:25+10:00] scan complete; no quest checkbox changes
[2026-05-10T16:12:45+10:00] scan complete; no quest checkbox changes
[2026-05-10T16:13:05+10:00] scan complete; no quest checkbox changes
[2026-05-10T16:13:25+10:00] scan complete; no quest checkbox changes
[2026-05-10T16:13:45+10:00] scan complete; no quest checkbox changes
[2026-05-10T16:14:06+10:00] scan complete; no quest checkbox changes
[2026-05-10T16:14:26+10:00] scan complete; no quest checkbox changes
[2026-05-10T16:14:46+10:00] scan complete; no quest checkbox changes
[2026-05-10T16:15:06+10:00] scan complete; no quest checkbox changes
[2026-05-10T16:15:26+10:00] scan complete; no quest checkbox changes
[2026-05-10T16:15:46+10:00] scan complete; no quest checkbox changes
[2026-05-10T16:16:06+10:00] scan complete; no quest checkbox changes
[2026-05-10T16:16:26+10:00] scan complete; no quest checkbox changes
[2026-05-10T16:16:46+10:00] scan complete; no quest checkbox changes
[2026-05-10T16:17:06+10:00] scan complete; no quest checkbox changes
[2026-05-10T16:17:26+10:00] scan complete; no quest checkbox changes
[2026-05-10T16:17:46+10:00] scan complete; no quest checkbox changes
[2026-05-10T16:18:06+10:00] scan complete; no quest checkbox changes
[2026-05-10T16:18:26+10:00] scan complete; no quest checkbox changes
[2026-05-10T16:18:46+10:00] scan complete; no quest checkbox changes
[2026-05-10T16:19:06+10:00] scan complete; no quest checkbox changes
[2026-05-10T16:19:26+10:00] scan complete; no quest checkbox changes
[2026-05-10T16:19:46+10:00] scan complete; no quest checkbox changes
[2026-05-10T16:20:07+10:00] scan complete; no quest checkbox changes
[2026-05-10T16:20:27+10:00] scan complete; no quest checkbox changes
[2026-05-10T16:20:47+10:00] scan complete; no quest checkbox changes
[2026-05-10T16:21:07+10:00] scan complete; no quest checkbox changes
[2026-05-10T16:21:27+10:00] scan complete; no quest checkbox changes
[2026-05-10T16:21:47+10:00] scan complete; no quest checkbox changes
[2026-05-10T16:22:07+10:00] scan complete; no quest checkbox changes
[2026-05-10T16:22:27+10:00] scan complete; no quest checkbox changes
[2026-05-10T16:22:47+10:00] scan complete; no quest checkbox changes
[2026-05-10T16:23:07+10:00] scan complete; no quest checkbox changes
[2026-05-10T16:23:27+10:00] scan complete; no quest checkbox changes
[2026-05-10T16:23:47+10:00] scan complete; no quest checkbox changes
[2026-05-10T16:24:07+10:00] scan complete; no quest checkbox changes
[2026-05-10T16:24:27+10:00] scan complete; no quest checkbox changes
[2026-05-10T16:24:47+10:00] scan complete; no quest checkbox changes
[2026-05-10T16:25:08+10:00] scan complete; no quest checkbox changes
[2026-05-10T16:25:28+10:00] scan complete; no quest checkbox changes
[2026-05-10T16:25:48+10:00] scan complete; no quest checkbox changes
[2026-05-10T16:26:08+10:00] scan complete; no quest checkbox changes
[2026-05-10T16:26:28+10:00] scan complete; no quest checkbox changes
[2026-05-10T16:26:48+10:00] scan complete; no quest checkbox changes
[2026-05-10T16:27:08+10:00] scan complete; no quest checkbox changes
[2026-05-10T16:27:28+10:00] scan complete; no quest checkbox changes
[2026-05-10T16:27:48+10:00] scan complete; no quest checkbox changes
[2026-05-10T16:28:08+10:00] scan complete; no quest checkbox changes
[2026-05-10T16:28:28+10:00] scan complete; no quest checkbox changes
[2026-05-10T16:28:48+10:00] scan complete; no quest checkbox changes
[2026-05-10T16:29:08+10:00] scan complete; no quest checkbox changes
[2026-05-10T16:29:28+10:00] scan complete; no quest checkbox changes
[2026-05-10T16:29:48+10:00] scan complete; no quest checkbox changes
[2026-05-10T16:30:08+10:00] scan complete; no quest checkbox changes
[2026-05-10T16:30:29+10:00] scan complete; no quest checkbox changes
[2026-05-10T16:30:49+10:00] scan complete; no quest checkbox changes
[2026-05-10T16:31:09+10:00] scan complete; no quest checkbox changes
[2026-05-10T16:31:29+10:00] scan complete; no quest checkbox changes
[2026-05-10T16:31:49+10:00] scan complete; no quest checkbox changes
[2026-05-10T16:32:09+10:00] scan complete; no quest checkbox changes
[2026-05-10T16:32:29+10:00] scan complete; no quest checkbox changes
[2026-05-10T16:32:49+10:00] scan complete; no quest checkbox changes
[2026-05-10T16:33:09+10:00] scan complete; no quest checkbox changes
[2026-05-10T16:33:29+10:00] scan complete; no quest checkbox changes
[2026-05-10T16:33:49+10:00] scan complete; no quest checkbox changes
[2026-05-10T16:34:09+10:00] scan complete; no quest checkbox changes
[2026-05-10T16:34:29+10:00] scan complete; no quest checkbox changes
[2026-05-10T16:34:49+10:00] scan complete; no quest checkbox changes
[2026-05-10T16:35:09+10:00] scan complete; no quest checkbox changes
[2026-05-10T16:35:30+10:00] scan complete; no quest checkbox changes
[2026-05-10T16:35:50+10:00] scan complete; no quest checkbox changes
[2026-05-10T16:36:10+10:00] scan complete; no quest checkbox changes
[2026-05-10T16:36:30+10:00] scan complete; no quest checkbox changes
[2026-05-10T16:36:50+10:00] scan complete; no quest checkbox changes
[2026-05-10T16:37:10+10:00] scan complete; no quest checkbox changes
[2026-05-10T16:37:30+10:00] scan complete; no quest checkbox changes
[2026-05-10T16:37:50+10:00] scan complete; no quest checkbox changes
[2026-05-10T16:38:10+10:00] scan complete; no quest checkbox changes
[2026-05-10T16:38:30+10:00] scan complete; no quest checkbox changes
[2026-05-10T16:38:50+10:00] scan complete; no quest checkbox changes
[2026-05-10T16:39:10+10:00] scan complete; no quest checkbox changes
[2026-05-10T16:39:30+10:00] scan complete; no quest checkbox changes
[2026-05-10T16:39:50+10:00] scan complete; no quest checkbox changes
[2026-05-10T16:40:10+10:00] scan complete; no quest checkbox changes
[2026-05-10T16:40:30+10:00] scan complete; no quest checkbox changes
[2026-05-10T16:40:50+10:00] scan complete; no quest checkbox changes
[2026-05-10T16:41:10+10:00] scan complete; no quest checkbox changes
[2026-05-10T16:41:31+10:00] scan complete; no quest checkbox changes
[2026-05-10T16:41:51+10:00] scan complete; no quest checkbox changes
[2026-05-10T16:42:11+10:00] scan complete; no quest checkbox changes
[2026-05-10T16:42:31+10:00] scan complete; no quest checkbox changes
[2026-05-10T16:42:51+10:00] scan complete; no quest checkbox changes
[2026-05-10T16:43:11+10:00] scan complete; no quest checkbox changes
[2026-05-10T16:43:31+10:00] scan complete; no quest checkbox changes
[2026-05-10T16:43:51+10:00] scan complete; no quest checkbox changes
[2026-05-10T16:44:11+10:00] scan complete; no quest checkbox changes
[2026-05-10T16:44:31+10:00] scan complete; no quest checkbox changes
[2026-05-10T16:44:51+10:00] scan complete; no quest checkbox changes
[2026-05-10T16:45:11+10:00] scan complete; no quest checkbox changes
[2026-05-10T16:45:31+10:00] scan complete; no quest checkbox changes
[2026-05-10T16:45:51+10:00] scan complete; no quest checkbox changes
[2026-05-10T16:46:11+10:00] scan complete; no quest checkbox changes
[2026-05-10T16:46:31+10:00] scan complete; no quest checkbox changes
[2026-05-10T16:46:52+10:00] scan complete; no quest checkbox changes
[2026-05-10T16:47:12+10:00] scan complete; no quest checkbox changes
[2026-05-10T16:47:32+10:00] scan complete; no quest checkbox changes
[2026-05-10T16:47:52+10:00] scan complete; no quest checkbox changes
[2026-05-10T16:48:12+10:00] scan complete; no quest checkbox changes
[2026-05-10T16:48:32+10:00] scan complete; no quest checkbox changes
[2026-05-10T16:48:52+10:00] scan complete; no quest checkbox changes
[2026-05-10T16:49:12+10:00] scan complete; no quest checkbox changes
[2026-05-10T16:49:32+10:00] scan complete; no quest checkbox changes
[2026-05-10T16:49:52+10:00] scan complete; no quest checkbox changes
[2026-05-10T16:50:12+10:00] scan complete; no quest checkbox changes
[2026-05-10T16:50:32+10:00] scan complete; no quest checkbox changes
[2026-05-10T16:50:52+10:00] scan complete; no quest checkbox changes
[2026-05-10T16:51:12+10:00] scan complete; no quest checkbox changes
[2026-05-10T16:51:32+10:00] scan complete; no quest checkbox changes
[2026-05-10T16:51:53+10:00] scan complete; no quest checkbox changes
[2026-05-10T16:52:13+10:00] scan complete; no quest checkbox changes
[2026-05-10T16:52:33+10:00] scan complete; no quest checkbox changes
[2026-05-10T16:52:53+10:00] scan complete; no quest checkbox changes
[2026-05-10T16:53:13+10:00] scan complete; no quest checkbox changes
[2026-05-10T16:53:33+10:00] scan complete; no quest checkbox changes
[2026-05-10T16:53:53+10:00] scan complete; no quest checkbox changes
[2026-05-10T16:54:13+10:00] scan complete; no quest checkbox changes
[2026-05-10T16:54:33+10:00] scan complete; no quest checkbox changes
[2026-05-10T16:54:53+10:00] scan complete; no quest checkbox changes
[2026-05-10T16:55:13+10:00] scan complete; no quest checkbox changes
[2026-05-10T16:55:33+10:00] scan complete; no quest checkbox changes
[2026-05-10T16:55:53+10:00] scan complete; no quest checkbox changes
[2026-05-10T16:56:13+10:00] scan complete; no quest checkbox changes
[2026-05-10T16:56:33+10:00] scan complete; no quest checkbox changes
[2026-05-10T16:56:53+10:00] scan complete; no quest checkbox changes
[2026-05-10T16:57:13+10:00] scan complete; no quest checkbox changes
[2026-05-10T16:57:34+10:00] scan complete; no quest checkbox changes
[2026-05-10T16:57:54+10:00] scan complete; no quest checkbox changes
[2026-05-10T16:58:14+10:00] scan complete; no quest checkbox changes
[2026-05-10T16:58:34+10:00] scan complete; no quest checkbox changes
[2026-05-10T16:58:54+10:00] scan complete; no quest checkbox changes
[2026-05-10T16:59:14+10:00] scan complete; no quest checkbox changes
[2026-05-10T16:59:34+10:00] scan complete; no quest checkbox changes
[2026-05-10T16:59:54+10:00] scan complete; no quest checkbox changes
[2026-05-10T17:00:14+10:00] scan complete; no quest checkbox changes
[2026-05-10T17:00:34+10:00] scan complete; no quest checkbox changes
[2026-05-10T17:00:54+10:00] scan complete; no quest checkbox changes
[2026-05-10T17:01:14+10:00] scan complete; no quest checkbox changes
[2026-05-10T17:01:34+10:00] scan complete; no quest checkbox changes
[2026-05-10T17:01:54+10:00] scan complete; no quest checkbox changes
[2026-05-10T17:02:14+10:00] scan complete; no quest checkbox changes
[2026-05-10T17:02:34+10:00] scan complete; no quest checkbox changes
[2026-05-10T17:02:55+10:00] scan complete; no quest checkbox changes
[2026-05-10T17:03:15+10:00] scan complete; no quest checkbox changes
[2026-05-10T17:03:35+10:00] scan complete; no quest checkbox changes
[2026-05-10T17:03:55+10:00] scan complete; no quest checkbox changes
[2026-05-10T17:04:15+10:00] scan complete; no quest checkbox changes
[2026-05-10T17:04:35+10:00] scan complete; no quest checkbox changes
[2026-05-10T17:04:55+10:00] scan complete; no quest checkbox changes
[2026-05-10T17:05:15+10:00] scan complete; no quest checkbox changes
[2026-05-10T17:05:35+10:00] scan complete; no quest checkbox changes
[2026-05-10T17:05:55+10:00] scan complete; no quest checkbox changes
[2026-05-10T17:06:15+10:00] scan complete; no quest checkbox changes
[2026-05-10T17:06:35+10:00] scan complete; no quest checkbox changes
[2026-05-10T17:06:55+10:00] scan complete; no quest checkbox changes
[2026-05-10T17:07:15+10:00] scan complete; no quest checkbox changes
[2026-05-10T17:07:35+10:00] scan complete; no quest checkbox changes
[2026-05-10T17:07:55+10:00] scan complete; no quest checkbox changes
[2026-05-10T17:08:15+10:00] scan complete; no quest checkbox changes
[2026-05-10T17:08:36+10:00] scan complete; no quest checkbox changes
[2026-05-10T17:08:56+10:00] scan complete; no quest checkbox changes
[2026-05-10T17:09:16+10:00] scan complete; no quest checkbox changes
[2026-05-10T17:09:36+10:00] scan complete; no quest checkbox changes
[2026-05-10T17:09:56+10:00] scan complete; no quest checkbox changes
[2026-05-10T17:10:16+10:00] scan complete; no quest checkbox changes
[2026-05-10T17:10:36+10:00] scan complete; no quest checkbox changes
[2026-05-10T17:10:56+10:00] scan complete; no quest checkbox changes
[2026-05-10T17:11:16+10:00] scan complete; no quest checkbox changes
[2026-05-10T17:11:36+10:00] scan complete; no quest checkbox changes
[2026-05-10T17:11:56+10:00] scan complete; no quest checkbox changes
[2026-05-10T17:12:16+10:00] scan complete; no quest checkbox changes
[2026-05-10T17:12:36+10:00] scan complete; no quest checkbox changes
[2026-05-10T17:12:56+10:00] scan complete; no quest checkbox changes
[2026-05-10T17:13:16+10:00] scan complete; no quest checkbox changes
[2026-05-10T17:13:36+10:00] scan complete; no quest checkbox changes
[2026-05-10T17:13:56+10:00] scan complete; no quest checkbox changes
[2026-05-10T17:14:16+10:00] scan complete; no quest checkbox changes
[2026-05-10T17:14:37+10:00] scan complete; no quest checkbox changes
[2026-05-10T17:14:57+10:00] scan complete; no quest checkbox changes
[2026-05-10T17:15:17+10:00] scan complete; no quest checkbox changes
[2026-05-10T17:15:37+10:00] scan complete; no quest checkbox changes
[2026-05-10T17:15:57+10:00] scan complete; no quest checkbox changes
[2026-05-10T17:16:17+10:00] scan complete; no quest checkbox changes
[2026-05-10T17:16:37+10:00] scan complete; no quest checkbox changes
[2026-05-10T17:16:57+10:00] scan complete; no quest checkbox changes
[2026-05-10T17:17:17+10:00] scan complete; no quest checkbox changes
[2026-05-10T17:17:37+10:00] scan complete; no quest checkbox changes
[2026-05-10T17:17:57+10:00] scan complete; no quest checkbox changes
[2026-05-10T17:18:17+10:00] scan complete; no quest checkbox changes
[2026-05-10T17:18:37+10:00] scan complete; no quest checkbox changes
[2026-05-10T17:18:57+10:00] scan complete; no quest checkbox changes
[2026-05-10T17:19:17+10:00] scan complete; no quest checkbox changes
[2026-05-10T17:19:37+10:00] scan complete; no quest checkbox changes
[2026-05-10T17:19:58+10:00] scan complete; no quest checkbox changes
[2026-05-10T17:20:18+10:00] scan complete; no quest checkbox changes
[2026-05-10T17:20:38+10:00] scan complete; no quest checkbox changes
[2026-05-10T17:20:58+10:00] scan complete; no quest checkbox changes
[2026-05-10T17:21:18+10:00] scan complete; no quest checkbox changes
[2026-05-10T17:21:38+10:00] scan complete; no quest checkbox changes
[2026-05-10T17:21:58+10:00] scan complete; no quest checkbox changes
[2026-05-10T17:22:18+10:00] scan complete; no quest checkbox changes
[2026-05-10T17:22:38+10:00] scan complete; no quest checkbox changes
[2026-05-10T17:22:58+10:00] scan complete; no quest checkbox changes
[2026-05-10T17:23:18+10:00] scan complete; no quest checkbox changes
[2026-05-10T17:23:38+10:00] scan complete; no quest checkbox changes
[2026-05-10T17:23:58+10:00] scan complete; no quest checkbox changes
[2026-05-10T17:24:18+10:00] scan complete; no quest checkbox changes
[2026-05-10T17:24:38+10:00] scan complete; no quest checkbox changes
[2026-05-10T17:24:58+10:00] scan complete; no quest checkbox changes
[2026-05-10T17:25:18+10:00] scan complete; no quest checkbox changes
[2026-05-10T17:25:38+10:00] scan complete; no quest checkbox changes
[2026-05-10T17:25:59+10:00] scan complete; no quest checkbox changes
[2026-05-10T17:26:19+10:00] scan complete; no quest checkbox changes
[2026-05-10T17:26:39+10:00] scan complete; no quest checkbox changes
[2026-05-10T17:26:59+10:00] scan complete; no quest checkbox changes
[2026-05-10T17:27:19+10:00] scan complete; no quest checkbox changes
[2026-05-10T17:27:39+10:00] scan complete; no quest checkbox changes
[2026-05-10T17:27:59+10:00] scan complete; no quest checkbox changes
[2026-05-10T17:28:19+10:00] scan complete; no quest checkbox changes
[2026-05-10T17:28:39+10:00] scan complete; no quest checkbox changes
[2026-05-10T17:28:59+10:00] scan complete; no quest checkbox changes
[2026-05-10T17:29:19+10:00] scan complete; no quest checkbox changes
[2026-05-10T17:29:39+10:00] scan complete; no quest checkbox changes
[2026-05-10T17:29:59+10:00] scan complete; no quest checkbox changes
[2026-05-10T17:30:19+10:00] scan complete; no quest checkbox changes
[2026-05-10T17:30:39+10:00] scan complete; no quest checkbox changes
[2026-05-10T17:30:59+10:00] scan complete; no quest checkbox changes
[2026-05-10T17:31:19+10:00] scan complete; no quest checkbox changes
[2026-05-10T17:31:40+10:00] scan complete; no quest checkbox changes
[2026-05-10T17:32:00+10:00] scan complete; no quest checkbox changes
[2026-05-10T17:32:20+10:00] scan complete; no quest checkbox changes
[2026-05-10T17:32:40+10:00] scan complete; no quest checkbox changes
[2026-05-10T17:33:00+10:00] scan complete; no quest checkbox changes
[2026-05-10T17:33:20+10:00] scan complete; no quest checkbox changes
[2026-05-10T17:33:40+10:00] scan complete; no quest checkbox changes
[2026-05-10T17:34:00+10:00] scan complete; no quest checkbox changes
[2026-05-10T17:34:20+10:00] scan complete; no quest checkbox changes
[2026-05-10T17:34:40+10:00] scan complete; no quest checkbox changes
[2026-05-10T17:35:00+10:00] scan complete; no quest checkbox changes
[2026-05-10T17:35:20+10:00] scan complete; no quest checkbox changes
[2026-05-10T17:35:40+10:00] scan complete; no quest checkbox changes
[2026-05-10T17:36:00+10:00] scan complete; no quest checkbox changes
[2026-05-10T17:36:20+10:00] scan complete; no quest checkbox changes
[2026-05-10T17:36:40+10:00] scan complete; no quest checkbox changes
[2026-05-10T17:37:01+10:00] scan complete; no quest checkbox changes
[2026-05-10T17:37:21+10:00] scan complete; no quest checkbox changes
[2026-05-10T17:37:41+10:00] scan complete; no quest checkbox changes
[2026-05-10T17:38:01+10:00] scan complete; no quest checkbox changes
[2026-05-10T17:38:21+10:00] scan complete; no quest checkbox changes
[2026-05-10T17:38:41+10:00] scan complete; no quest checkbox changes
[2026-05-10T17:39:01+10:00] scan complete; no quest checkbox changes
[2026-05-10T17:39:21+10:00] scan complete; no quest checkbox changes
[2026-05-10T17:39:41+10:00] scan complete; no quest checkbox changes
[2026-05-10T17:40:01+10:00] scan complete; no quest checkbox changes
[2026-05-10T17:40:21+10:00] scan complete; no quest checkbox changes
[2026-05-10T17:40:41+10:00] scan complete; no quest checkbox changes
[2026-05-10T17:41:01+10:00] scan complete; no quest checkbox changes
[2026-05-10T17:41:21+10:00] scan complete; no quest checkbox changes
[2026-05-10T17:41:41+10:00] scan complete; no quest checkbox changes
[2026-05-10T17:42:01+10:00] scan complete; no quest checkbox changes
[2026-05-10T17:42:21+10:00] scan complete; no quest checkbox changes
[2026-05-10T17:42:42+10:00] scan complete; no quest checkbox changes
[2026-05-10T17:43:02+10:00] scan complete; no quest checkbox changes
[2026-05-10T17:43:22+10:00] scan complete; no quest checkbox changes
[2026-05-10T17:43:42+10:00] scan complete; no quest checkbox changes
[2026-05-10T17:44:02+10:00] scan complete; no quest checkbox changes
[2026-05-10T17:44:22+10:00] scan complete; no quest checkbox changes
[2026-05-10T17:44:42+10:00] scan complete; no quest checkbox changes
[2026-05-10T17:45:02+10:00] scan complete; no quest checkbox changes
[2026-05-10T17:45:22+10:00] scan complete; no quest checkbox changes
[2026-05-10T17:45:42+10:00] scan complete; no quest checkbox changes
[2026-05-10T17:46:02+10:00] scan complete; no quest checkbox changes
[2026-05-10T17:46:22+10:00] scan complete; no quest checkbox changes
[2026-05-10T17:46:42+10:00] scan complete; no quest checkbox changes
[2026-05-10T17:47:02+10:00] scan complete; no quest checkbox changes
[2026-05-10T17:47:22+10:00] scan complete; no quest checkbox changes
[2026-05-10T17:47:42+10:00] scan complete; no quest checkbox changes
[2026-05-10T17:48:03+10:00] scan complete; no quest checkbox changes
[2026-05-10T17:48:23+10:00] scan complete; no quest checkbox changes
[2026-05-10T17:48:43+10:00] scan complete; no quest checkbox changes
[2026-05-10T17:49:03+10:00] scan complete; no quest checkbox changes
[2026-05-10T17:49:23+10:00] scan complete; no quest checkbox changes
[2026-05-10T17:49:43+10:00] scan complete; no quest checkbox changes
[2026-05-10T17:50:03+10:00] scan complete; no quest checkbox changes
[2026-05-10T17:50:23+10:00] scan complete; no quest checkbox changes
[2026-05-10T17:50:43+10:00] scan complete; no quest checkbox changes
[2026-05-10T17:51:03+10:00] scan complete; no quest checkbox changes
[2026-05-10T17:51:23+10:00] scan complete; no quest checkbox changes
[2026-05-10T17:51:43+10:00] scan complete; no quest checkbox changes
[2026-05-10T17:52:03+10:00] scan complete; no quest checkbox changes
[2026-05-10T17:52:23+10:00] scan complete; no quest checkbox changes
[2026-05-10T17:52:43+10:00] scan complete; no quest checkbox changes
[2026-05-10T17:53:03+10:00] scan complete; no quest checkbox changes
[2026-05-10T17:53:23+10:00] scan complete; no quest checkbox changes
[2026-05-10T17:53:44+10:00] scan complete; no quest checkbox changes
[2026-05-10T17:54:04+10:00] scan complete; no quest checkbox changes
[2026-05-10T17:54:24+10:00] scan complete; no quest checkbox changes
[2026-05-10T17:54:44+10:00] scan complete; no quest checkbox changes
[2026-05-10T17:55:04+10:00] scan complete; no quest checkbox changes
[2026-05-10T17:55:24+10:00] scan complete; no quest checkbox changes
[2026-05-10T17:55:44+10:00] scan complete; no quest checkbox changes
[2026-05-10T17:56:04+10:00] scan complete; no quest checkbox changes
[2026-05-10T17:56:24+10:00] scan complete; no quest checkbox changes
[2026-05-10T17:56:44+10:00] scan complete; no quest checkbox changes
[2026-05-10T17:57:04+10:00] scan complete; no quest checkbox changes
[2026-05-10T17:57:24+10:00] scan complete; no quest checkbox changes
[2026-05-10T17:57:44+10:00] scan complete; no quest checkbox changes
[2026-05-10T17:58:04+10:00] scan complete; no quest checkbox changes
[2026-05-10T17:58:24+10:00] scan complete; no quest checkbox changes
[2026-05-10T17:58:45+10:00] scan complete; no quest checkbox changes
[2026-05-10T17:59:05+10:00] scan complete; no quest checkbox changes
[2026-05-10T17:59:25+10:00] scan complete; no quest checkbox changes
[2026-05-10T17:59:45+10:00] scan complete; no quest checkbox changes
[2026-05-10T18:00:05+10:00] scan complete; no quest checkbox changes
[2026-05-10T18:00:25+10:00] scan complete; no quest checkbox changes
[2026-05-10T18:00:45+10:00] scan complete; no quest checkbox changes
[2026-05-10T18:01:05+10:00] scan complete; no quest checkbox changes
[2026-05-10T18:01:25+10:00] scan complete; no quest checkbox changes
[2026-05-10T18:01:45+10:00] scan complete; no quest checkbox changes
[2026-05-10T18:02:05+10:00] scan complete; no quest checkbox changes
[2026-05-10T18:02:25+10:00] scan complete; no quest checkbox changes
[2026-05-10T18:02:45+10:00] scan complete; no quest checkbox changes
[2026-05-10T18:03:05+10:00] scan complete; no quest checkbox changes
[2026-05-10T18:03:25+10:00] scan complete; no quest checkbox changes
[2026-05-10T18:03:45+10:00] scan complete; no quest checkbox changes
[2026-05-10T18:04:05+10:00] scan complete; no quest checkbox changes
[2026-05-10T18:04:25+10:00] scan complete; no quest checkbox changes
[2026-05-10T18:04:45+10:00] scan complete; no quest checkbox changes
[2026-05-10T18:05:06+10:00] scan complete; no quest checkbox changes
[2026-05-10T18:05:26+10:00] scan complete; no quest checkbox changes
[2026-05-10T18:05:46+10:00] scan complete; no quest checkbox changes
[2026-05-10T18:06:06+10:00] scan complete; no quest checkbox changes
[2026-05-10T18:06:26+10:00] scan complete; no quest checkbox changes
[2026-05-10T18:06:46+10:00] scan complete; no quest checkbox changes
[2026-05-10T18:07:06+10:00] scan complete; no quest checkbox changes
[2026-05-10T18:07:26+10:00] scan complete; no quest checkbox changes
[2026-05-10T18:07:46+10:00] scan complete; no quest checkbox changes
[2026-05-10T18:08:06+10:00] scan complete; no quest checkbox changes
[2026-05-10T18:08:26+10:00] scan complete; no quest checkbox changes
[2026-05-10T18:08:46+10:00] scan complete; no quest checkbox changes
[2026-05-10T18:09:06+10:00] scan complete; no quest checkbox changes
[2026-05-10T18:09:26+10:00] scan complete; no quest checkbox changes
[2026-05-10T18:09:46+10:00] scan complete; no quest checkbox changes
[2026-05-10T18:10:06+10:00] scan complete; no quest checkbox changes
[2026-05-10T18:10:26+10:00] scan complete; no quest checkbox changes
[2026-05-10T18:10:47+10:00] scan complete; no quest checkbox changes
[2026-05-10T18:11:07+10:00] scan complete; no quest checkbox changes
[2026-05-10T18:11:27+10:00] scan complete; no quest checkbox changes
[2026-05-10T18:11:47+10:00] scan complete; no quest checkbox changes
[2026-05-10T18:12:07+10:00] scan complete; no quest checkbox changes
[2026-05-10T18:12:27+10:00] scan complete; no quest checkbox changes
[2026-05-10T18:12:47+10:00] scan complete; no quest checkbox changes
[2026-05-10T18:13:07+10:00] scan complete; no quest checkbox changes
[2026-05-10T18:13:27+10:00] scan complete; no quest checkbox changes
[2026-05-10T18:13:47+10:00] scan complete; no quest checkbox changes
[2026-05-10T18:14:07+10:00] scan complete; no quest checkbox changes
[2026-05-10T18:14:27+10:00] scan complete; no quest checkbox changes
[2026-05-10T18:14:47+10:00] scan complete; no quest checkbox changes
[2026-05-10T18:15:07+10:00] scan complete; no quest checkbox changes
[2026-05-10T18:15:27+10:00] scan complete; no quest checkbox changes
[2026-05-10T18:15:47+10:00] scan complete; no quest checkbox changes
[2026-05-10T18:16:07+10:00] scan complete; no quest checkbox changes
[2026-05-10T18:16:28+10:00] scan complete; no quest checkbox changes
[2026-05-10T18:16:48+10:00] scan complete; no quest checkbox changes
[2026-05-10T18:17:08+10:00] scan complete; no quest checkbox changes
[2026-05-10T18:17:28+10:00] scan complete; no quest checkbox changes
[2026-05-10T18:17:48+10:00] scan complete; no quest checkbox changes
[2026-05-10T18:18:08+10:00] scan complete; no quest checkbox changes
[2026-05-10T18:18:28+10:00] scan complete; no quest checkbox changes
[2026-05-10T18:18:48+10:00] scan complete; no quest checkbox changes
[2026-05-10T18:19:08+10:00] scan complete; no quest checkbox changes
[2026-05-10T18:19:28+10:00] scan complete; no quest checkbox changes
[2026-05-10T18:19:48+10:00] scan complete; no quest checkbox changes
[2026-05-10T18:20:08+10:00] scan complete; no quest checkbox changes
[2026-05-10T18:20:28+10:00] scan complete; no quest checkbox changes
[2026-05-10T18:20:48+10:00] scan complete; no quest checkbox changes
[2026-05-10T18:21:08+10:00] scan complete; no quest checkbox changes
[2026-05-10T18:21:28+10:00] scan complete; no quest checkbox changes
[2026-05-10T18:21:48+10:00] scan complete; no quest checkbox changes
[2026-05-10T18:22:08+10:00] scan complete; no quest checkbox changes
[2026-05-10T18:22:29+10:00] scan complete; no quest checkbox changes
[2026-05-10T18:22:49+10:00] scan complete; no quest checkbox changes
[2026-05-10T18:23:09+10:00] scan complete; no quest checkbox changes
[2026-05-10T18:23:29+10:00] scan complete; no quest checkbox changes
[2026-05-10T18:23:49+10:00] scan complete; no quest checkbox changes
[2026-05-10T18:24:09+10:00] scan complete; no quest checkbox changes
[2026-05-10T18:24:29+10:00] scan complete; no quest checkbox changes
[2026-05-10T18:24:49+10:00] scan complete; no quest checkbox changes
[2026-05-10T18:25:09+10:00] scan complete; no quest checkbox changes
[2026-05-10T18:25:29+10:00] scan complete; no quest checkbox changes
[2026-05-10T18:25:49+10:00] scan complete; no quest checkbox changes
[2026-05-10T18:26:09+10:00] scan complete; no quest checkbox changes
[2026-05-10T18:26:29+10:00] scan complete; no quest checkbox changes
[2026-05-10T18:26:49+10:00] scan complete; no quest checkbox changes
[2026-05-10T18:27:09+10:00] scan complete; no quest checkbox changes
[2026-05-10T18:27:29+10:00] scan complete; no quest checkbox changes
[2026-05-10T18:27:49+10:00] scan complete; no quest checkbox changes
[2026-05-10T18:28:09+10:00] scan complete; no quest checkbox changes
[2026-05-10T18:28:29+10:00] scan complete; no quest checkbox changes
[2026-05-10T18:28:49+10:00] scan complete; no quest checkbox changes
[2026-05-10T18:29:09+10:00] scan complete; no quest checkbox changes
[2026-05-10T18:29:29+10:00] scan complete; no quest checkbox changes
[2026-05-10T18:29:50+10:00] scan complete; no quest checkbox changes
[2026-05-10T18:30:10+10:00] scan complete; no quest checkbox changes
[2026-05-10T18:30:30+10:00] scan complete; no quest checkbox changes
[2026-05-10T18:30:50+10:00] scan complete; no quest checkbox changes
[2026-05-10T18:31:10+10:00] scan complete; no quest checkbox changes
[2026-05-10T18:31:30+10:00] scan complete; no quest checkbox changes
[2026-05-10T18:31:50+10:00] scan complete; no quest checkbox changes
[2026-05-10T18:32:10+10:00] scan complete; no quest checkbox changes
[2026-05-10T18:32:30+10:00] scan complete; no quest checkbox changes
[2026-05-10T18:32:50+10:00] scan complete; no quest checkbox changes
[2026-05-10T18:33:10+10:00] scan complete; no quest checkbox changes
[2026-05-10T18:33:30+10:00] scan complete; no quest checkbox changes
[2026-05-10T18:33:50+10:00] scan complete; no quest checkbox changes
[2026-05-10T18:34:10+10:00] scan complete; no quest checkbox changes
[2026-05-10T18:34:30+10:00] scan complete; no quest checkbox changes
[2026-05-10T18:34:50+10:00] scan complete; no quest checkbox changes
[2026-05-10T18:35:10+10:00] scan complete; no quest checkbox changes
[2026-05-10T18:35:30+10:00] scan complete; no quest checkbox changes
[2026-05-10T18:35:50+10:00] scan complete; no quest checkbox changes
[2026-05-10T18:36:11+10:00] scan complete; no quest checkbox changes
[2026-05-10T18:36:31+10:00] scan complete; no quest checkbox changes
[2026-05-10T18:36:51+10:00] scan complete; no quest checkbox changes
[2026-05-10T18:37:11+10:00] scan complete; no quest checkbox changes
[2026-05-10T18:37:31+10:00] scan complete; no quest checkbox changes
[2026-05-10T18:37:51+10:00] scan complete; no quest checkbox changes
[2026-05-10T18:38:11+10:00] scan complete; no quest checkbox changes
[2026-05-10T18:38:31+10:00] scan complete; no quest checkbox changes
[2026-05-10T18:38:51+10:00] scan complete; no quest checkbox changes
[2026-05-10T18:39:11+10:00] scan complete; no quest checkbox changes
[2026-05-10T18:39:31+10:00] scan complete; no quest checkbox changes
[2026-05-10T18:39:51+10:00] scan complete; no quest checkbox changes
[2026-05-10T18:40:11+10:00] scan complete; no quest checkbox changes
[2026-05-10T18:40:31+10:00] scan complete; no quest checkbox changes
[2026-05-10T18:40:51+10:00] scan complete; no quest checkbox changes
[2026-05-10T18:41:11+10:00] scan complete; no quest checkbox changes
[2026-05-10T18:41:31+10:00] scan complete; no quest checkbox changes
[2026-05-10T18:41:51+10:00] scan complete; no quest checkbox changes
[2026-05-10T18:42:11+10:00] scan complete; no quest checkbox changes
[2026-05-10T18:42:32+10:00] scan complete; no quest checkbox changes
[2026-05-10T18:42:52+10:00] scan complete; no quest checkbox changes
[2026-05-10T18:43:12+10:00] scan complete; no quest checkbox changes
[2026-05-10T18:43:32+10:00] scan complete; no quest checkbox changes
[2026-05-10T18:43:52+10:00] scan complete; no quest checkbox changes
[2026-05-10T18:44:12+10:00] scan complete; no quest checkbox changes
[2026-05-10T18:44:32+10:00] scan complete; no quest checkbox changes
[2026-05-10T18:44:52+10:00] scan complete; no quest checkbox changes
[2026-05-10T18:45:12+10:00] scan complete; no quest checkbox changes
[2026-05-10T18:45:32+10:00] scan complete; no quest checkbox changes
[2026-05-10T18:45:52+10:00] scan complete; no quest checkbox changes
[2026-05-10T18:46:12+10:00] scan complete; no quest checkbox changes
[2026-05-10T18:46:32+10:00] scan complete; no quest checkbox changes
[2026-05-10T18:46:52+10:00] scan complete; no quest checkbox changes
[2026-05-10T18:47:12+10:00] scan complete; no quest checkbox changes
[2026-05-10T18:47:32+10:00] scan complete; no quest checkbox changes
[2026-05-10T18:47:52+10:00] scan complete; no quest checkbox changes
[2026-05-10T18:48:12+10:00] scan complete; no quest checkbox changes
[2026-05-10T18:48:33+10:00] scan complete; no quest checkbox changes
[2026-05-10T18:48:53+10:00] scan complete; no quest checkbox changes
[2026-05-10T18:49:13+10:00] scan complete; no quest checkbox changes
[2026-05-10T18:49:33+10:00] scan complete; no quest checkbox changes
[2026-05-10T18:49:53+10:00] scan complete; no quest checkbox changes
[2026-05-10T18:50:13+10:00] scan complete; no quest checkbox changes
[2026-05-10T18:50:33+10:00] scan complete; no quest checkbox changes
[2026-05-10T18:50:53+10:00] scan complete; no quest checkbox changes
[2026-05-10T18:51:13+10:00] scan complete; no quest checkbox changes
[2026-05-10T18:51:33+10:00] scan complete; no quest checkbox changes
[2026-05-10T18:51:53+10:00] scan complete; no quest checkbox changes
[2026-05-10T18:52:13+10:00] scan complete; no quest checkbox changes
[2026-05-10T18:52:33+10:00] scan complete; no quest checkbox changes
[2026-05-10T18:52:53+10:00] scan complete; no quest checkbox changes
[2026-05-10T18:53:13+10:00] scan complete; no quest checkbox changes
[2026-05-10T18:53:33+10:00] scan complete; no quest checkbox changes
[2026-05-10T18:53:53+10:00] scan complete; no quest checkbox changes
[2026-05-10T18:54:13+10:00] scan complete; no quest checkbox changes
[2026-05-10T18:54:33+10:00] scan complete; no quest checkbox changes
[2026-05-10T18:54:54+10:00] scan complete; no quest checkbox changes
[2026-05-10T18:55:14+10:00] scan complete; no quest checkbox changes
[2026-05-10T18:55:34+10:00] scan complete; no quest checkbox changes
[2026-05-10T18:55:54+10:00] scan complete; no quest checkbox changes
[2026-05-10T18:56:14+10:00] scan complete; no quest checkbox changes
[2026-05-10T18:56:34+10:00] scan complete; no quest checkbox changes
[2026-05-10T18:56:54+10:00] scan complete; no quest checkbox changes
[2026-05-10T18:57:14+10:00] scan complete; no quest checkbox changes
[2026-05-10T18:57:34+10:00] scan complete; no quest checkbox changes
[2026-05-10T18:57:54+10:00] scan complete; no quest checkbox changes
[2026-05-10T18:58:14+10:00] scan complete; no quest checkbox changes
[2026-05-10T18:58:34+10:00] scan complete; no quest checkbox changes
[2026-05-10T18:58:54+10:00] scan complete; no quest checkbox changes
[2026-05-10T18:59:14+10:00] scan complete; no quest checkbox changes
[2026-05-10T18:59:34+10:00] scan complete; no quest checkbox changes
[2026-05-10T18:59:54+10:00] scan complete; no quest checkbox changes
[2026-05-10T19:00:14+10:00] scan complete; no quest checkbox changes
[2026-05-10T19:00:34+10:00] scan complete; no quest checkbox changes
[2026-05-10T19:00:54+10:00] scan complete; no quest checkbox changes
[2026-05-10T19:01:14+10:00] scan complete; no quest checkbox changes
[2026-05-10T19:01:34+10:00] scan complete; no quest checkbox changes
[2026-05-10T19:01:55+10:00] scan complete; no quest checkbox changes
[2026-05-10T19:02:15+10:00] scan complete; no quest checkbox changes
[2026-05-10T19:02:35+10:00] scan complete; no quest checkbox changes
[2026-05-10T19:02:55+10:00] scan complete; no quest checkbox changes
[2026-05-10T19:03:15+10:00] scan complete; no quest checkbox changes
[2026-05-10T19:03:35+10:00] scan complete; no quest checkbox changes
[2026-05-10T19:03:55+10:00] scan complete; no quest checkbox changes
[2026-05-10T19:04:15+10:00] scan complete; no quest checkbox changes
[2026-05-10T19:04:35+10:00] scan complete; no quest checkbox changes
[2026-05-10T19:04:55+10:00] scan complete; no quest checkbox changes
[2026-05-10T19:05:15+10:00] scan complete; no quest checkbox changes
[2026-05-10T19:05:35+10:00] scan complete; no quest checkbox changes
[2026-05-10T19:05:55+10:00] scan complete; no quest checkbox changes
[2026-05-10T19:06:15+10:00] scan complete; no quest checkbox changes
[2026-05-10T19:06:35+10:00] scan complete; no quest checkbox changes
[2026-05-10T19:06:55+10:00] scan complete; no quest checkbox changes
[2026-05-10T19:07:15+10:00] scan complete; no quest checkbox changes
[2026-05-10T19:07:35+10:00] scan complete; no quest checkbox changes
[2026-05-10T19:07:55+10:00] scan complete; no quest checkbox changes
[2026-05-10T19:08:15+10:00] scan complete; no quest checkbox changes
[2026-05-10T19:08:36+10:00] scan complete; no quest checkbox changes
[2026-05-10T19:08:56+10:00] scan complete; no quest checkbox changes
[2026-05-10T19:09:16+10:00] scan complete; no quest checkbox changes
[2026-05-10T19:09:36+10:00] scan complete; no quest checkbox changes
[2026-05-10T19:09:56+10:00] scan complete; no quest checkbox changes
[2026-05-10T19:10:16+10:00] scan complete; no quest checkbox changes
[2026-05-10T19:10:36+10:00] scan complete; no quest checkbox changes
[2026-05-10T19:10:56+10:00] scan complete; no quest checkbox changes
[2026-05-10T19:11:16+10:00] scan complete; no quest checkbox changes
[2026-05-10T19:11:36+10:00] scan complete; no quest checkbox changes
[2026-05-10T19:11:56+10:00] scan complete; no quest checkbox changes
[2026-05-10T19:12:16+10:00] scan complete; no quest checkbox changes
[2026-05-10T19:12:36+10:00] scan complete; no quest checkbox changes
[2026-05-10T19:12:56+10:00] scan complete; no quest checkbox changes
[2026-05-10T19:13:16+10:00] scan complete; no quest checkbox changes
[2026-05-10T19:13:36+10:00] scan complete; no quest checkbox changes
[2026-05-10T19:13:56+10:00] scan complete; no quest checkbox changes
[2026-05-10T19:14:17+10:00] scan complete; no quest checkbox changes
[2026-05-10T19:14:37+10:00] scan complete; no quest checkbox changes
[2026-05-10T19:14:57+10:00] scan complete; no quest checkbox changes
[2026-05-10T19:15:17+10:00] scan complete; no quest checkbox changes
[2026-05-10T19:15:37+10:00] scan complete; no quest checkbox changes
[2026-05-10T19:15:57+10:00] scan complete; no quest checkbox changes
[2026-05-10T19:16:17+10:00] scan complete; no quest checkbox changes
[2026-05-10T19:16:37+10:00] scan complete; no quest checkbox changes
[2026-05-10T19:16:57+10:00] scan complete; no quest checkbox changes
[2026-05-10T19:17:17+10:00] scan complete; no quest checkbox changes
[2026-05-10T19:17:37+10:00] scan complete; no quest checkbox changes
[2026-05-10T19:17:57+10:00] scan complete; no quest checkbox changes
[2026-05-10T19:18:17+10:00] scan complete; no quest checkbox changes
[2026-05-10T19:18:37+10:00] scan complete; no quest checkbox changes
[2026-05-10T19:18:57+10:00] scan complete; no quest checkbox changes
[2026-05-10T19:19:17+10:00] scan complete; no quest checkbox changes
[2026-05-10T19:19:37+10:00] scan complete; no quest checkbox changes
[2026-05-10T19:19:57+10:00] scan complete; no quest checkbox changes
[2026-05-10T19:20:17+10:00] scan complete; no quest checkbox changes
[2026-05-10T19:20:37+10:00] scan complete; no quest checkbox changes
[2026-05-10T19:20:58+10:00] scan complete; no quest checkbox changes
[2026-05-10T19:21:18+10:00] scan complete; no quest checkbox changes
[2026-05-10T19:21:38+10:00] scan complete; no quest checkbox changes
[2026-05-10T19:21:58+10:00] scan complete; no quest checkbox changes
[2026-05-10T19:22:18+10:00] scan complete; no quest checkbox changes
[2026-05-10T19:22:38+10:00] scan complete; no quest checkbox changes
[2026-05-10T19:22:58+10:00] scan complete; no quest checkbox changes
[2026-05-10T19:23:18+10:00] scan complete; no quest checkbox changes
[2026-05-10T19:23:38+10:00] scan complete; no quest checkbox changes
[2026-05-10T19:23:58+10:00] scan complete; no quest checkbox changes
[2026-05-10T19:24:18+10:00] scan complete; no quest checkbox changes
[2026-05-10T19:24:38+10:00] scan complete; no quest checkbox changes
[2026-05-10T19:24:58+10:00] scan complete; no quest checkbox changes
[2026-05-10T19:25:18+10:00] scan complete; no quest checkbox changes
[2026-05-10T19:25:38+10:00] scan complete; no quest checkbox changes
[2026-05-10T19:25:58+10:00] scan complete; no quest checkbox changes
[2026-05-10T19:26:18+10:00] scan complete; no quest checkbox changes
[2026-05-10T19:26:38+10:00] scan complete; no quest checkbox changes
[2026-05-10T19:26:58+10:00] scan complete; no quest checkbox changes
[2026-05-10T19:27:19+10:00] scan complete; no quest checkbox changes
[2026-05-10T19:27:39+10:00] scan complete; no quest checkbox changes
[2026-05-10T19:27:59+10:00] scan complete; no quest checkbox changes
[2026-05-10T19:28:19+10:00] scan complete; no quest checkbox changes
[2026-05-10T19:28:39+10:00] scan complete; no quest checkbox changes
[2026-05-10T19:28:59+10:00] scan complete; no quest checkbox changes
[2026-05-10T19:29:19+10:00] scan complete; no quest checkbox changes
[2026-05-10T19:29:39+10:00] scan complete; no quest checkbox changes
[2026-05-10T19:29:59+10:00] scan complete; no quest checkbox changes
[2026-05-10T19:30:19+10:00] scan complete; no quest checkbox changes
[2026-05-10T19:30:39+10:00] scan complete; no quest checkbox changes
[2026-05-10T19:30:59+10:00] scan complete; no quest checkbox changes
[2026-05-10T19:31:19+10:00] scan complete; no quest checkbox changes
[2026-05-10T19:31:39+10:00] scan complete; no quest checkbox changes
[2026-05-10T19:31:59+10:00] scan complete; no quest checkbox changes
[2026-05-10T19:32:19+10:00] scan complete; no quest checkbox changes
[2026-05-10T19:32:39+10:00] scan complete; no quest checkbox changes
[2026-05-10T19:33:00+10:00] scan complete; no quest checkbox changes
[2026-05-10T19:33:20+10:00] scan complete; no quest checkbox changes
[2026-05-10T19:33:40+10:00] scan complete; no quest checkbox changes
[2026-05-10T19:34:00+10:00] scan complete; no quest checkbox changes
[2026-05-10T19:34:20+10:00] scan complete; no quest checkbox changes
[2026-05-10T19:34:40+10:00] scan complete; no quest checkbox changes
[2026-05-10T19:35:00+10:00] scan complete; no quest checkbox changes
[2026-05-10T19:35:20+10:00] scan complete; no quest checkbox changes
[2026-05-10T19:35:40+10:00] scan complete; no quest checkbox changes
[2026-05-10T19:36:00+10:00] scan complete; no quest checkbox changes
[2026-05-10T19:36:20+10:00] scan complete; no quest checkbox changes
[2026-05-10T19:36:40+10:00] scan complete; no quest checkbox changes
[2026-05-10T19:37:00+10:00] scan complete; no quest checkbox changes
[2026-05-10T19:37:20+10:00] scan complete; no quest checkbox changes
[2026-05-10T19:37:40+10:00] scan complete; no quest checkbox changes
[2026-05-10T19:38:00+10:00] scan complete; no quest checkbox changes
[2026-05-10T19:38:20+10:00] scan complete; no quest checkbox changes
[2026-05-10T19:38:41+10:00] scan complete; no quest checkbox changes
[2026-05-10T19:39:01+10:00] scan complete; no quest checkbox changes
[2026-05-10T19:39:21+10:00] scan complete; no quest checkbox changes
[2026-05-10T19:39:41+10:00] scan complete; no quest checkbox changes
[2026-05-10T19:40:01+10:00] scan complete; no quest checkbox changes
[2026-05-10T19:40:21+10:00] scan complete; no quest checkbox changes
[2026-05-10T19:40:41+10:00] scan complete; no quest checkbox changes
[2026-05-10T19:41:01+10:00] scan complete; no quest checkbox changes
[2026-05-10T19:41:21+10:00] scan complete; no quest checkbox changes
[2026-05-10T19:41:41+10:00] scan complete; no quest checkbox changes
[2026-05-10T19:42:01+10:00] scan complete; no quest checkbox changes
[2026-05-10T19:42:21+10:00] scan complete; no quest checkbox changes
[2026-05-10T19:42:41+10:00] scan complete; no quest checkbox changes
[2026-05-10T19:43:01+10:00] scan complete; no quest checkbox changes
[2026-05-10T19:43:21+10:00] scan complete; no quest checkbox changes
[2026-05-10T19:43:41+10:00] scan complete; no quest checkbox changes
[2026-05-10T19:44:01+10:00] scan complete; no quest checkbox changes
[2026-05-10T19:44:21+10:00] scan complete; no quest checkbox changes
[2026-05-10T19:44:41+10:00] scan complete; no quest checkbox changes
[2026-05-10T19:45:01+10:00] scan complete; no quest checkbox changes
[2026-05-10T19:45:21+10:00] scan complete; no quest checkbox changes
[2026-05-10T19:45:41+10:00] scan complete; no quest checkbox changes
[2026-05-10T19:46:02+10:00] scan complete; no quest checkbox changes
[2026-05-10T19:46:22+10:00] scan complete; no quest checkbox changes
[2026-05-10T19:46:42+10:00] scan complete; no quest checkbox changes
[2026-05-10T19:47:02+10:00] scan complete; no quest checkbox changes
[2026-05-10T19:47:22+10:00] scan complete; no quest checkbox changes
[2026-05-10T19:47:42+10:00] scan complete; no quest checkbox changes
[2026-05-10T19:48:02+10:00] scan complete; no quest checkbox changes
[2026-05-10T19:48:22+10:00] scan complete; no quest checkbox changes
[2026-05-10T19:48:42+10:00] scan complete; no quest checkbox changes
[2026-05-10T19:49:02+10:00] scan complete; no quest checkbox changes
[2026-05-10T19:49:22+10:00] scan complete; no quest checkbox changes
[2026-05-10T19:49:42+10:00] scan complete; no quest checkbox changes
[2026-05-10T19:50:02+10:00] scan complete; no quest checkbox changes
[2026-05-10T19:50:22+10:00] scan complete; no quest checkbox changes
[2026-05-10T19:50:42+10:00] scan complete; no quest checkbox changes
[2026-05-10T19:51:02+10:00] scan complete; no quest checkbox changes
[2026-05-10T19:51:22+10:00] scan complete; no quest checkbox changes
[2026-05-10T19:51:42+10:00] scan complete; no quest checkbox changes
[2026-05-10T19:52:02+10:00] scan complete; no quest checkbox changes
[2026-05-10T19:52:22+10:00] scan complete; no quest checkbox changes
[2026-05-10T19:52:42+10:00] scan complete; no quest checkbox changes
[2026-05-10T19:53:02+10:00] scan complete; no quest checkbox changes
[2026-05-10T19:53:22+10:00] scan complete; no quest checkbox changes
[2026-05-10T19:53:42+10:00] scan complete; no quest checkbox changes
[2026-05-10T19:54:02+10:00] scan complete; no quest checkbox changes
[2026-05-10T19:54:22+10:00] scan complete; no quest checkbox changes
[2026-05-10T19:54:42+10:00] scan complete; no quest checkbox changes
[2026-05-10T19:55:02+10:00] scan complete; no quest checkbox changes
[2026-05-10T19:55:22+10:00] scan complete; no quest checkbox changes
[2026-05-10T19:55:42+10:00] scan complete; no quest checkbox changes
[2026-05-10T19:56:02+10:00] scan complete; no quest checkbox changes
[2026-05-10T19:56:22+10:00] scan complete; no quest checkbox changes
[2026-05-10T19:56:42+10:00] scan complete; no quest checkbox changes
[2026-05-10T19:57:03+10:00] scan complete; no quest checkbox changes
[2026-05-10T19:57:23+10:00] scan complete; no quest checkbox changes
[2026-05-10T19:57:43+10:00] scan complete; no quest checkbox changes
[2026-05-10T19:58:03+10:00] scan complete; no quest checkbox changes
[2026-05-10T19:58:23+10:00] scan complete; no quest checkbox changes
[2026-05-10T19:58:43+10:00] scan complete; no quest checkbox changes
[2026-05-10T19:59:03+10:00] scan complete; no quest checkbox changes
[2026-05-10T19:59:23+10:00] scan complete; no quest checkbox changes
[2026-05-10T19:59:43+10:00] scan complete; no quest checkbox changes
[2026-05-10T20:00:03+10:00] scan complete; no quest checkbox changes
[2026-05-10T20:00:23+10:00] scan complete; no quest checkbox changes
[2026-05-10T20:00:43+10:00] scan complete; no quest checkbox changes
[2026-05-10T20:01:03+10:00] scan complete; no quest checkbox changes
[2026-05-10T20:01:23+10:00] scan complete; no quest checkbox changes
[2026-05-10T20:01:43+10:00] scan complete; no quest checkbox changes
[2026-05-10T20:02:03+10:00] scan complete; no quest checkbox changes
[2026-05-10T20:02:23+10:00] scan complete; no quest checkbox changes
[2026-05-10T20:02:43+10:00] scan complete; no quest checkbox changes
[2026-05-10T20:03:03+10:00] scan complete; no quest checkbox changes
[2026-05-10T20:03:23+10:00] scan complete; no quest checkbox changes
[2026-05-10T20:03:43+10:00] scan complete; no quest checkbox changes
[2026-05-10T20:04:03+10:00] scan complete; no quest checkbox changes
[2026-05-10T20:04:23+10:00] scan complete; no quest checkbox changes
[2026-05-10T20:04:43+10:00] scan complete; no quest checkbox changes
[2026-05-10T20:05:03+10:00] scan complete; no quest checkbox changes
[2026-05-10T20:05:23+10:00] scan complete; no quest checkbox changes
[2026-05-10T20:05:43+10:00] scan complete; no quest checkbox changes
[2026-05-10T20:06:03+10:00] scan complete; no quest checkbox changes
[2026-05-10T20:06:23+10:00] scan complete; no quest checkbox changes
[2026-05-10T20:06:43+10:00] scan complete; no quest checkbox changes
[2026-05-10T20:07:03+10:00] scan complete; no quest checkbox changes
[2026-05-10T20:07:23+10:00] scan complete; no quest checkbox changes
[2026-05-10T20:07:43+10:00] scan complete; no quest checkbox changes
[2026-05-10T20:08:03+10:00] scan complete; no quest checkbox changes
[2026-05-10T20:08:24+10:00] scan complete; no quest checkbox changes
[2026-05-10T20:08:44+10:00] scan complete; no quest checkbox changes
[2026-05-10T20:09:04+10:00] scan complete; no quest checkbox changes
[2026-05-10T20:09:24+10:00] scan complete; no quest checkbox changes
[2026-05-10T20:09:44+10:00] scan complete; no quest checkbox changes
[2026-05-10T20:10:04+10:00] scan complete; no quest checkbox changes
[2026-05-10T20:10:24+10:00] scan complete; no quest checkbox changes
[2026-05-10T20:10:44+10:00] scan complete; no quest checkbox changes
[2026-05-10T20:11:04+10:00] scan complete; no quest checkbox changes
[2026-05-10T20:11:24+10:00] scan complete; no quest checkbox changes
[2026-05-10T20:11:44+10:00] scan complete; no quest checkbox changes
[2026-05-10T20:12:04+10:00] scan complete; no quest checkbox changes
[2026-05-10T20:12:24+10:00] scan complete; no quest checkbox changes
[2026-05-10T20:12:44+10:00] scan complete; no quest checkbox changes
[2026-05-10T20:13:04+10:00] scan complete; no quest checkbox changes
[2026-05-10T20:13:24+10:00] scan complete; no quest checkbox changes
[2026-05-10T20:13:44+10:00] scan complete; no quest checkbox changes
[2026-05-10T20:14:04+10:00] scan complete; no quest checkbox changes
[2026-05-10T20:14:24+10:00] scan complete; no quest checkbox changes
[2026-05-10T20:14:44+10:00] scan complete; no quest checkbox changes
[2026-05-10T20:15:04+10:00] scan complete; no quest checkbox changes
[2026-05-10T20:15:24+10:00] scan complete; no quest checkbox changes
[2026-05-10T20:15:44+10:00] scan complete; no quest checkbox changes
[2026-05-10T20:16:04+10:00] scan complete; no quest checkbox changes
[2026-05-10T20:16:24+10:00] scan complete; no quest checkbox changes
[2026-05-10T20:16:44+10:00] scan complete; no quest checkbox changes
[2026-05-10T20:17:04+10:00] scan complete; no quest checkbox changes
[2026-05-10T20:17:24+10:00] scan complete; no quest checkbox changes
[2026-05-10T20:17:44+10:00] scan complete; no quest checkbox changes
[2026-05-10T20:18:04+10:00] scan complete; no quest checkbox changes
[2026-05-10T20:18:24+10:00] scan complete; no quest checkbox changes
[2026-05-10T20:18:44+10:00] scan complete; no quest checkbox changes
[2026-05-10T20:19:04+10:00] scan complete; no quest checkbox changes
[2026-05-10T20:19:24+10:00] scan complete; no quest checkbox changes
[2026-05-10T20:19:44+10:00] scan complete; no quest checkbox changes
[2026-05-10T20:20:04+10:00] scan complete; no quest checkbox changes
[2026-05-10T20:20:25+10:00] scan complete; no quest checkbox changes
[2026-05-10T20:20:45+10:00] scan complete; no quest checkbox changes
[2026-05-10T20:21:05+10:00] scan complete; no quest checkbox changes
[2026-05-10T20:21:25+10:00] scan complete; no quest checkbox changes
[2026-05-10T20:21:45+10:00] scan complete; no quest checkbox changes
[2026-05-10T20:22:05+10:00] scan complete; no quest checkbox changes
[2026-05-10T20:22:25+10:00] scan complete; no quest checkbox changes
[2026-05-10T20:22:45+10:00] scan complete; no quest checkbox changes
[2026-05-10T20:23:05+10:00] scan complete; no quest checkbox changes
[2026-05-10T20:23:25+10:00] scan complete; no quest checkbox changes
[2026-05-10T20:23:45+10:00] scan complete; no quest checkbox changes
[2026-05-10T20:24:05+10:00] scan complete; no quest checkbox changes
[2026-05-10T20:24:25+10:00] scan complete; no quest checkbox changes
[2026-05-10T20:24:45+10:00] scan complete; no quest checkbox changes
[2026-05-10T20:25:05+10:00] scan complete; no quest checkbox changes
[2026-05-10T20:25:25+10:00] scan complete; no quest checkbox changes
[2026-05-10T20:25:45+10:00] scan complete; no quest checkbox changes
[2026-05-10T20:26:05+10:00] scan complete; no quest checkbox changes
[2026-05-10T20:26:25+10:00] scan complete; no quest checkbox changes
[2026-05-10T20:26:45+10:00] scan complete; no quest checkbox changes
[2026-05-10T20:27:05+10:00] scan complete; no quest checkbox changes
[2026-05-10T20:27:25+10:00] scan complete; no quest checkbox changes
[2026-05-10T20:27:45+10:00] scan complete; no quest checkbox changes
[2026-05-10T20:28:05+10:00] scan complete; no quest checkbox changes
[2026-05-10T20:28:25+10:00] scan complete; no quest checkbox changes
[2026-05-10T20:28:45+10:00] scan complete; no quest checkbox changes
[2026-05-10T20:29:05+10:00] scan complete; no quest checkbox changes
[2026-05-10T20:29:25+10:00] scan complete; no quest checkbox changes
[2026-05-10T20:29:45+10:00] scan complete; no quest checkbox changes
[2026-05-10T20:30:05+10:00] scan complete; no quest checkbox changes
[2026-05-10T20:30:25+10:00] scan complete; no quest checkbox changes
[2026-05-10T20:30:45+10:00] scan complete; no quest checkbox changes
[2026-05-10T20:31:06+10:00] scan complete; no quest checkbox changes
[2026-05-10T20:31:26+10:00] scan complete; no quest checkbox changes
[2026-05-10T20:31:46+10:00] scan complete; no quest checkbox changes
[2026-05-10T20:32:06+10:00] scan complete; no quest checkbox changes
[2026-05-10T20:32:26+10:00] scan complete; no quest checkbox changes
[2026-05-10T20:32:46+10:00] scan complete; no quest checkbox changes
[2026-05-10T20:33:06+10:00] scan complete; no quest checkbox changes
[2026-05-10T20:33:26+10:00] scan complete; no quest checkbox changes
[2026-05-10T20:33:46+10:00] scan complete; no quest checkbox changes
[2026-05-10T20:34:06+10:00] scan complete; no quest checkbox changes
[2026-05-10T20:34:26+10:00] scan complete; no quest checkbox changes
[2026-05-10T20:34:46+10:00] scan complete; no quest checkbox changes
[2026-05-10T20:35:06+10:00] scan complete; no quest checkbox changes
[2026-05-10T20:35:26+10:00] scan complete; no quest checkbox changes
[2026-05-10T20:35:46+10:00] scan complete; no quest checkbox changes
[2026-05-10T20:36:06+10:00] scan complete; no quest checkbox changes
[2026-05-10T20:36:26+10:00] scan complete; no quest checkbox changes
[2026-05-10T20:36:46+10:00] scan complete; no quest checkbox changes
[2026-05-10T20:37:06+10:00] scan complete; no quest checkbox changes
[2026-05-10T20:37:26+10:00] scan complete; no quest checkbox changes
[2026-05-10T20:37:46+10:00] scan complete; no quest checkbox changes
[2026-05-10T20:38:06+10:00] scan complete; no quest checkbox changes
[2026-05-10T20:38:26+10:00] scan complete; no quest checkbox changes
[2026-05-10T20:38:46+10:00] scan complete; no quest checkbox changes
[2026-05-10T20:39:06+10:00] scan complete; no quest checkbox changes
[2026-05-10T20:39:26+10:00] scan complete; no quest checkbox changes
[2026-05-10T20:39:46+10:00] scan complete; no quest checkbox changes
[2026-05-10T20:40:06+10:00] scan complete; no quest checkbox changes
[2026-05-10T20:40:26+10:00] scan complete; no quest checkbox changes
[2026-05-10T20:40:46+10:00] scan complete; no quest checkbox changes
[2026-05-10T20:41:07+10:00] scan complete; no quest checkbox changes
[2026-05-10T20:41:27+10:00] scan complete; no quest checkbox changes
[2026-05-10T20:41:47+10:00] scan complete; no quest checkbox changes
[2026-05-10T20:42:07+10:00] scan complete; no quest checkbox changes
[2026-05-10T20:42:27+10:00] scan complete; no quest checkbox changes
[2026-05-10T20:42:47+10:00] scan complete; no quest checkbox changes
[2026-05-10T20:43:07+10:00] scan complete; no quest checkbox changes
[2026-05-10T20:43:27+10:00] scan complete; no quest checkbox changes
[2026-05-10T20:43:47+10:00] scan complete; no quest checkbox changes
[2026-05-10T20:44:07+10:00] scan complete; no quest checkbox changes
[2026-05-10T20:44:27+10:00] scan complete; no quest checkbox changes
[2026-05-10T20:44:47+10:00] scan complete; no quest checkbox changes
[2026-05-10T20:45:07+10:00] scan complete; no quest checkbox changes
[2026-05-10T20:45:27+10:00] scan complete; no quest checkbox changes
[2026-05-10T20:45:47+10:00] scan complete; no quest checkbox changes
[2026-05-10T20:46:07+10:00] scan complete; no quest checkbox changes
[2026-05-10T20:46:27+10:00] scan complete; no quest checkbox changes
[2026-05-10T20:46:47+10:00] scan complete; no quest checkbox changes
[2026-05-10T20:47:07+10:00] scan complete; no quest checkbox changes
[2026-05-10T20:47:27+10:00] scan complete; no quest checkbox changes
[2026-05-10T20:47:47+10:00] scan complete; no quest checkbox changes
[2026-05-10T20:48:07+10:00] scan complete; no quest checkbox changes
[2026-05-10T20:48:27+10:00] scan complete; no quest checkbox changes
[2026-05-10T20:48:47+10:00] scan complete; no quest checkbox changes
[2026-05-10T20:49:08+10:00] scan complete; no quest checkbox changes
[2026-05-10T20:49:28+10:00] scan complete; no quest checkbox changes
[2026-05-10T20:49:48+10:00] scan complete; no quest checkbox changes
[2026-05-10T20:50:08+10:00] scan complete; no quest checkbox changes
[2026-05-10T20:50:28+10:00] scan complete; no quest checkbox changes
[2026-05-10T20:50:48+10:00] scan complete; no quest checkbox changes
[2026-05-10T20:51:08+10:00] scan complete; no quest checkbox changes
[2026-05-10T20:51:28+10:00] scan complete; no quest checkbox changes
[2026-05-10T20:51:48+10:00] scan complete; no quest checkbox changes
[2026-05-10T20:52:08+10:00] scan complete; no quest checkbox changes
[2026-05-10T20:52:28+10:00] scan complete; no quest checkbox changes
[2026-05-10T20:52:48+10:00] scan complete; no quest checkbox changes
[2026-05-10T20:53:08+10:00] scan complete; no quest checkbox changes
[2026-05-10T20:53:28+10:00] scan complete; no quest checkbox changes
[2026-05-10T20:53:48+10:00] scan complete; no quest checkbox changes
[2026-05-10T20:54:08+10:00] scan complete; no quest checkbox changes
[2026-05-10T20:54:28+10:00] scan complete; no quest checkbox changes
[2026-05-10T20:54:48+10:00] scan complete; no quest checkbox changes
[2026-05-10T20:55:08+10:00] scan complete; no quest checkbox changes
[2026-05-10T20:55:28+10:00] scan complete; no quest checkbox changes
[2026-05-10T20:55:48+10:00] scan complete; no quest checkbox changes
[2026-05-10T20:56:08+10:00] scan complete; no quest checkbox changes
[2026-05-10T20:56:28+10:00] scan complete; no quest checkbox changes
[2026-05-10T20:56:48+10:00] scan complete; no quest checkbox changes
[2026-05-10T20:57:08+10:00] scan complete; no quest checkbox changes
[2026-05-10T20:57:28+10:00] scan complete; no quest checkbox changes
[2026-05-10T20:57:48+10:00] scan complete; no quest checkbox changes
[2026-05-10T20:58:08+10:00] scan complete; no quest checkbox changes
[2026-05-10T20:58:28+10:00] scan complete; no quest checkbox changes
[2026-05-10T20:58:48+10:00] scan complete; no quest checkbox changes
[2026-05-10T20:59:08+10:00] scan complete; no quest checkbox changes
[2026-05-10T20:59:28+10:00] scan complete; no quest checkbox changes
[2026-05-10T20:59:48+10:00] scan complete; no quest checkbox changes
[2026-05-10T21:00:08+10:00] scan complete; no quest checkbox changes
[2026-05-10T21:00:28+10:00] scan complete; no quest checkbox changes
[2026-05-10T21:00:49+10:00] scan complete; no quest checkbox changes
[2026-05-10T21:01:09+10:00] scan complete; no quest checkbox changes
[2026-05-10T21:01:29+10:00] scan complete; no quest checkbox changes
[2026-05-10T21:01:49+10:00] scan complete; no quest checkbox changes
[2026-05-10T21:02:09+10:00] scan complete; no quest checkbox changes
[2026-05-10T21:02:29+10:00] scan complete; no quest checkbox changes
[2026-05-10T21:02:49+10:00] scan complete; no quest checkbox changes
[2026-05-10T21:03:09+10:00] scan complete; no quest checkbox changes
[2026-05-10T21:03:29+10:00] scan complete; no quest checkbox changes
[2026-05-10T21:03:49+10:00] scan complete; no quest checkbox changes
[2026-05-10T21:04:09+10:00] scan complete; no quest checkbox changes
[2026-05-10T21:04:29+10:00] scan complete; no quest checkbox changes
[2026-05-10T21:04:49+10:00] scan complete; no quest checkbox changes
[2026-05-10T21:05:09+10:00] scan complete; no quest checkbox changes
[2026-05-10T21:05:29+10:00] scan complete; no quest checkbox changes
[2026-05-10T21:05:49+10:00] scan complete; no quest checkbox changes
[2026-05-10T21:06:09+10:00] scan complete; no quest checkbox changes
[2026-05-10T21:06:29+10:00] scan complete; no quest checkbox changes
[2026-05-10T21:06:49+10:00] scan complete; no quest checkbox changes
[2026-05-10T21:07:09+10:00] scan complete; no quest checkbox changes
[2026-05-10T21:07:29+10:00] scan complete; no quest checkbox changes
[2026-05-10T21:07:49+10:00] scan complete; no quest checkbox changes
[2026-05-10T21:08:09+10:00] scan complete; no quest checkbox changes
[2026-05-10T21:08:29+10:00] scan complete; no quest checkbox changes
[2026-05-10T21:08:49+10:00] scan complete; no quest checkbox changes
[2026-05-10T21:09:09+10:00] scan complete; no quest checkbox changes
[2026-05-10T21:09:29+10:00] scan complete; no quest checkbox changes
[2026-05-10T21:09:49+10:00] scan complete; no quest checkbox changes
[2026-05-10T21:10:09+10:00] scan complete; no quest checkbox changes
[2026-05-10T21:10:29+10:00] scan complete; no quest checkbox changes
[2026-05-10T21:10:50+10:00] scan complete; no quest checkbox changes
[2026-05-10T21:11:10+10:00] scan complete; no quest checkbox changes
[2026-05-10T21:11:30+10:00] scan complete; no quest checkbox changes
[2026-05-10T21:11:50+10:00] scan complete; no quest checkbox changes
[2026-05-10T21:12:10+10:00] scan complete; no quest checkbox changes
[2026-05-10T21:12:30+10:00] scan complete; no quest checkbox changes
[2026-05-10T21:12:50+10:00] scan complete; no quest checkbox changes
[2026-05-10T21:13:10+10:00] scan complete; no quest checkbox changes
[2026-05-10T21:13:30+10:00] scan complete; no quest checkbox changes
[2026-05-10T21:13:50+10:00] scan complete; no quest checkbox changes
[2026-05-10T21:14:10+10:00] scan complete; no quest checkbox changes
[2026-05-10T21:14:30+10:00] scan complete; no quest checkbox changes
